Component: Arm Compiler for Embedded 6.22 Tool: armlink [5ee90200]

==============================================================================

Section Cross References

    main.o(.text.LED_Init) refers to stm32f10x_rcc.o(.text.RCC_APB2PeriphClockCmd) for RCC_APB2PeriphClockCmd
    main.o(.text.LED_Init) refers to stm32f10x_gpio.o(.text.GPIO_Init) for GPIO_Init
    main.o(.ARM.exidx.text.LED_Init) refers to main.o(.text.LED_Init) for [Anonymous Symbol]
    main.o(.text.vTask2) refers to tasks.o(.text.vTaskDelay) for vTaskDelay
    main.o(.ARM.exidx.text.vTask2) refers to main.o(.text.vTask2) for [Anonymous Symbol]
    main.o(.text.vStartTask) refers to puts.o(i.puts) for puts
    main.o(.text.vStartTask) refers to queue.o(.text.xQueueGenericCreate) for xQueueGenericCreate
    main.o(.text.vStartTask) refers to main.o(.bss.xUSART1_Recv_Semaphore) for xUSART1_Recv_Semaphore
    main.o(.text.vStartTask) refers to port.o(.text.vPortEnterCritical) for vPortEnterCritical
    main.o(.text.vStartTask) refers to main.o(.bss.xUSART1_Recv_Task_Handler) for xUSART1_Recv_Task_Handler
    main.o(.text.vStartTask) refers to app_usart1_recv.o(.text.USART1_Recv_Task) for USART1_Recv_Task
    main.o(.text.vStartTask) refers to tasks.o(.text.xTaskCreate) for xTaskCreate
    main.o(.text.vStartTask) refers to main.o(.bss.xTask2_Handler) for xTask2_Handler
    main.o(.text.vStartTask) refers to main.o(.text.vTask2) for vTask2
    main.o(.text.vStartTask) refers to port.o(.text.vPortExitCritical) for vPortExitCritical
    main.o(.text.vStartTask) refers to main.o(.bss.xStartTask_Handler) for xStartTask_Handler
    main.o(.text.vStartTask) refers to tasks.o(.text.vTaskDelete) for vTaskDelete
    main.o(.ARM.exidx.text.vStartTask) refers to main.o(.text.vStartTask) for [Anonymous Symbol]
    main.o(.text.main) refers to rcc_clk_config.o(.text.HSE_SetSysClock) for HSE_SetSysClock
    main.o(.text.main) refers to misc.o(.text.NVIC_PriorityGroupConfig) for NVIC_PriorityGroupConfig
    main.o(.text.main) refers to usart1.o(.text.USART1_Init) for USART1_Init
    main.o(.text.main) refers to tim3.o(.text.TIM3_Init) for TIM3_Init
    main.o(.text.main) refers to ds1302.o(.text.Power_On_Cheak_DS1302) for Power_On_Cheak_DS1302
    main.o(.text.main) refers to main.o(.bss.Cheak_Result) for Cheak_Result
    main.o(.text.main) refers to printf8.o(i.__0printf$8) for __2printf
    main.o(.text.main) refers to stm32f10x_rcc.o(.text.RCC_APB2PeriphClockCmd) for RCC_APB2PeriphClockCmd
    main.o(.text.main) refers to stm32f10x_gpio.o(.text.GPIO_Init) for GPIO_Init
    main.o(.text.main) refers to main.o(.bss.xStartTask_Handler) for xStartTask_Handler
    main.o(.text.main) refers to main.o(.text.vStartTask) for vStartTask
    main.o(.text.main) refers to tasks.o(.text.xTaskCreate) for xTaskCreate
    main.o(.text.main) refers to tasks.o(.text.vTaskStartScheduler) for vTaskStartScheduler
    main.o(.ARM.exidx.text.main) refers to main.o(.text.main) for [Anonymous Symbol]
    stm32f10x_it.o(.ARM.exidx.text.NMI_Handler) refers to stm32f10x_it.o(.text.NMI_Handler) for [Anonymous Symbol]
    stm32f10x_it.o(.ARM.exidx.text.HardFault_Handler) refers to stm32f10x_it.o(.text.HardFault_Handler) for [Anonymous Symbol]
    stm32f10x_it.o(.ARM.exidx.text.MemManage_Handler) refers to stm32f10x_it.o(.text.MemManage_Handler) for [Anonymous Symbol]
    stm32f10x_it.o(.ARM.exidx.text.BusFault_Handler) refers to stm32f10x_it.o(.text.BusFault_Handler) for [Anonymous Symbol]
    stm32f10x_it.o(.ARM.exidx.text.UsageFault_Handler) refers to stm32f10x_it.o(.text.UsageFault_Handler) for [Anonymous Symbol]
    stm32f10x_it.o(.ARM.exidx.text.DebugMon_Handler) refers to stm32f10x_it.o(.text.DebugMon_Handler) for [Anonymous Symbol]
    systick.o(.text.systick_config) refers to system_stm32f10x.o(.data.SystemCoreClock) for SystemCoreClock
    systick.o(.ARM.exidx.text.systick_config) refers to systick.o(.text.systick_config) for [Anonymous Symbol]
    systick.o(.text.delay_1us) refers to system_stm32f10x.o(.data.SystemCoreClock) for SystemCoreClock
    systick.o(.ARM.exidx.text.delay_1us) refers to systick.o(.text.delay_1us) for [Anonymous Symbol]
    systick.o(.text.delay_1ms) refers to system_stm32f10x.o(.data.SystemCoreClock) for SystemCoreClock
    systick.o(.ARM.exidx.text.delay_1ms) refers to systick.o(.text.delay_1ms) for [Anonymous Symbol]
    rcc_clk_config.o(.text.HSE_SetSysClock) refers to stm32f10x_rcc.o(.text.RCC_DeInit) for RCC_DeInit
    rcc_clk_config.o(.text.HSE_SetSysClock) refers to stm32f10x_rcc.o(.text.RCC_HSEConfig) for RCC_HSEConfig
    rcc_clk_config.o(.text.HSE_SetSysClock) refers to stm32f10x_rcc.o(.text.RCC_WaitForHSEStartUp) for RCC_WaitForHSEStartUp
    rcc_clk_config.o(.text.HSE_SetSysClock) refers to stm32f10x_flash.o(.text.FLASH_PrefetchBufferCmd) for FLASH_PrefetchBufferCmd
    rcc_clk_config.o(.text.HSE_SetSysClock) refers to stm32f10x_flash.o(.text.FLASH_SetLatency) for FLASH_SetLatency
[...]
    Removing timers.o(.ARM.exidx.text.vTimerSetReloadMode), (8 bytes).
    Removing timers.o(.text.xTimerGetReloadMode), (46 bytes).
    Removing timers.o(.ARM.exidx.text.xTimerGetReloadMode), (8 bytes).
    Removing timers.o(.text.uxTimerGetReloadMode), (46 bytes).
    Removing timers.o(.ARM.exidx.text.uxTimerGetReloadMode), (8 bytes).
    Removing timers.o(.text.xTimerGetExpiryTime), (26 bytes).
    Removing timers.o(.ARM.exidx.text.xTimerGetExpiryTime), (8 bytes).
    Removing timers.o(.text.pcTimerGetName), (26 bytes).
    Removing timers.o(.ARM.exidx.text.pcTimerGetName), (8 bytes).
    Removing timers.o(.text.xTimerIsTimerActive), (46 bytes).
    Removing timers.o(.ARM.exidx.text.xTimerIsTimerActive), (8 bytes).
    Removing timers.o(.text.pvTimerGetTimerID), (38 bytes).
    Removing timers.o(.ARM.exidx.text.pvTimerGetTimerID), (8 bytes).
    Removing timers.o(.text.vTimerSetTimerID), (42 bytes).
    Removing timers.o(.ARM.exidx.text.vTimerSetTimerID), (8 bytes).
    Removing timers.o(.text.xTimerPendFunctionCallFromISR), (42 bytes).
    Removing timers.o(.ARM.exidx.text.xTimerPendFunctionCallFromISR), (8 bytes).
    Removing timers.o(.text.xTimerPendFunctionCall), (70 bytes).
    Removing timers.o(.ARM.exidx.text.xTimerPendFunctionCall), (8 bytes).
    Removing timers.o(.text.uxTimerGetTimerNumber), (4 bytes).
    Removing timers.o(.ARM.exidx.text.uxTimerGetTimerNumber), (8 bytes).
    Removing timers.o(.text.vTimerSetTimerNumber), (4 bytes).
    Removing timers.o(.ARM.exidx.text.vTimerSetTimerNumber), (8 bytes).
    Removing timers.o(.ARM.exidx.text.prvProcessExpiredTimer), (8 bytes).
    Removing dadd.o(.text), (334 bytes).
    Removing dmul.o(.text), (228 bytes).
    Removing ddiv.o(.text), (222 bytes).
    Removing dfixul.o(.text), (48 bytes).
    Removing cdrcmple.o(.text), (48 bytes).
    Removing depilogue.o(.text), (186 bytes).

931 unused section(s) (total 33062 bytes) removed from the image.

==============================================================================

Image Symbol Table

    Local Symbols

    Symbol Name                              Value     Ov Type        Size  Object(Section)

    ../clib/division.s                       0x00000000   Number         0  aeabi_sdiv.o ABSOLUTE
    ../clib/microlib/division.c              0x00000000   Number         0  uidiv.o ABSOLUTE
    ../clib/microlib/division.c              0x00000000   Number         0  uldiv.o ABSOLUTE
    ../clib/microlib/init/entry.s            0x00000000   Number         0  entry.o ABSOLUTE
    ../clib/microlib/init/entry.s            0x00000000   Number         0  entry2.o ABSOLUTE
    ../clib/microlib/init/entry.s            0x00000000   Number         0  entry5.o ABSOLUTE
    ../clib/microlib/init/entry.s            0x00000000   Number         0  entry7a.o ABSOLUTE
    ../clib/microlib/init/entry.s            0x00000000   Number         0  entry7b.o ABSOLUTE
    ../clib/microlib/init/entry.s            0x00000000   Number         0  entry8a.o ABSOLUTE
    ../clib/microlib/init/entry.s            0x00000000   Number         0  entry8b.o ABSOLUTE
    ../clib/microlib/init/entry.s            0x00000000   Number         0  entry9a.o ABSOLUTE
    ../clib/microlib/init/entry.s            0x00000000   Number         0  entry9b.o ABSOLUTE
    ../clib/microlib/init/entry.s            0x00000000   Number         0  entry10a.o ABSOLUTE
    ../clib/microlib/init/entry.s            0x00000000   Number         0  entry10b.o ABSOLUTE
    ../clib/microlib/init/entry.s            0x00000000   Number         0  entry11a.o ABSOLUTE
    ../clib/microlib/init/entry.s            0x00000000   Number         0  entry11b.o ABSOLUTE
    ../clib/microlib/longlong.c              0x00000000   Number         0  llshl.o ABSOLUTE
    ../clib/microlib/longlong.c              0x00000000   Number         0  llushr.o ABSOLUTE
    ../clib/microlib/longlong.c              0x00000000   Number         0  llsshr.o ABSOLUTE
    ../clib/microlib/printf/printf.c         0x00000000   Number         0  printfb.o ABSOLUTE
    ../clib/microlib/printf/printf.c         0x00000000   Number         0  printf0.o ABSOLUTE
    ../clib/microlib/printf/printf.c         0x00000000   Number         0  printf1.o ABSOLUTE
    ../clib/microlib/printf/printf.c         0x00000000   Number         0  printf2.o ABSOLUTE
    ../clib/microlib/printf/printf.c         0x00000000   Number         0  printf3.o ABSOLUTE
    ../clib/microlib/printf/printf.c         0x00000000   Number         0  printf4.o ABSOLUTE
    ../clib/microlib/printf/printf.c         0x00000000   Number         0  printf5.o ABSOLUTE
    ../clib/microlib/printf/printf.c         0x00000000   Number         0  printf6.o ABSOLUTE
    ../clib/microlib/printf/printf.c         0x00000000   Number         0  printf7.o ABSOLUTE
    ../clib/microlib/printf/printf.c         0x00000000   Number         0  printf8.o ABSOLUTE
    ../clib/microlib/printf/printf.c         0x00000000   Number         0  printfa.o ABSOLUTE
    ../clib/microlib/printf/stubs.s          0x00000000   Number         0  printfstubs.o ABSOLUTE
    ../clib/microlib/stdio/putchar.c         0x00000000   Number         0  putchar.o ABSOLUTE
    ../clib/microlib/stdio/puts.c            0x00000000   Number         0  puts.o ABSOLUTE
    ../clib/microlib/stdio/puts.c            0x00000000   Number         0  puts_e.o ABSOLUTE
    ../clib/microlib/stdio/streams.c         0x00000000   Number         0  stdout.o ABSOLUTE
    ../clib/microlib/string/memcpy.c         0x00000000   Number         0  memcpya.o ABSOLUTE
    ../clib/microlib/string/memcpy.c         0x00000000   Number         0  memcpyb.o ABSOLUTE
    ../clib/microlib/string/memset.c         0x00000000   Number         0  memseta.o ABSOLUTE
    ../clib/microlib/string/strlen.c         0x00000000   Number         0  strlen.o ABSOLUTE
    ../clib/microlib/stubs.s                 0x00000000   Number         0  iusefp.o ABSOLUTE
    ../clib/microlib/time/localtime.c        0x00000000   Number         0  localtime.o ABSOLUTE
    ../clib/microlib/time/localtime.c        0x00000000   Number         0  localtime_w.o ABSOLUTE
    ../clib/microlib/time/localtime.c        0x00000000   Number         0  localtime_i.o ABSOLUTE
    ../clib/microlib/time/mktime.c           0x00000000   Number         0  mktime.o ABSOLUTE
    ../fplib/microlib/fpadd.c                0x00000000   Number         0  dadd.o ABSOLUTE
    ../fplib/microlib/fpdiv.c                0x00000000   Number         0  ddiv.o ABSOLUTE
    ../fplib/microlib/fpepilogue.c           0x00000000   Number         0  depilogue.o ABSOLUTE
    ../fplib/microlib/fpfix.c                0x00000000   Number         0  dfixul.o ABSOLUTE
    ../fplib/microlib/fpmul.c                0x00000000   Number         0  dmul.o ABSOLUTE
    App_USART1_Recv.c                        0x00000000   Number         0  app_usart1_recv.o ABSOLUTE
    DS1302.c                                 0x00000000   Number         0  ds1302.o ABSOLUTE
    RCC_CLK_Config.c                         0x00000000   Number         0  rcc_clk_config.o ABSOLUTE
    RTE/Device/STM32F103RE/startup_stm32f10x_hd.s 0x00000000   Number         0  startup_stm32f10x_hd.o ABSOLUTE
    TIM3.c                                   0x00000000   Number         0  tim3.o ABSOLUTE
    USART1.c                                 0x00000000   Number         0  usart1.o ABSOLUTE
    cdrcmple.s                               0x00000000   Number         0  cdrcmple.o ABSOLUTE
    croutine.c                               0x00000000   Number         0  croutine.o ABSOLUTE
    dc.s                                     0x00000000   Number         0  dc.o ABSOLUTE
    event_groups.c                           0x00000000   Number         0  event_groups.o ABSOLUTE
    freertos_evr.c                           0x00000000   Number         0  freertos_evr.o ABSOLUTE
    handlers.s                               0x00000000   Number         0  handlers.o ABSOLUTE
    heap_4.c                                 0x00000000   Number         0  heap_4.o ABSOLUTE
    init.s                                   0x00000000   Number         0  init.o ABSOLUTE
    list.c                                   0x00000000   Number         0  list.o ABSOLUTE
    main.c                                   0x00000000   Number         0  main.o ABSOLUTE
    misc.c                                   0x00000000   Number         0  misc.o ABSOLUTE
    port.c                                   0x00000000   Number         0  port.o ABSOLUTE
    queue.c                                  0x00000000   Number         0  queue.o ABSOLUTE
    stm32f10x_bkp.c                          0x00000000   Number         0  stm32f10x_bkp.o ABSOLUTE
    stm32f10x_dbgmcu.c                       0x00000000   Number         0  stm32f10x_dbgmcu.o ABSOLUTE
    stm32f10x_exti.c                         0x00000000   Number         0  stm32f10x_exti.o ABSOLUTE
    stm32f10x_flash.c                        0x00000000   Number         0  stm32f10x_flash.o ABSOLUTE
    stm32f10x_fsmc.c                         0x00000000   Number         0  stm32f10x_fsmc.o ABSOLUTE
    stm32f10x_gpio.c                         0x00000000   Number         0  stm32f10x_gpio.o ABSOLUTE
    stm32f10x_it.c                           0x00000000   Number         0  stm32f10x_it.o ABSOLUTE
    stm32f10x_iwdg.c                         0x00000000   Number         0  stm32f10x_iwdg.o ABSOLUTE
    stm32f10x_pwr.c                          0x00000000   Number         0  stm32f10x_pwr.o ABSOLUTE
    stm32f10x_rcc.c                          0x00000000   Number         0  stm32f10x_rcc.o ABSOLUTE
    stm32f10x_rtc.c                          0x00000000   Number         0  stm32f10x_rtc.o ABSOLUTE
    stm32f10x_spi.c                          0x00000000   Number         0  stm32f10x_spi.o ABSOLUTE
    stm32f10x_tim.c                          0x00000000   Number         0  stm32f10x_tim.o ABSOLUTE
    stm32f10x_usart.c                        0x00000000   Number         0  stm32f10x_usart.o ABSOLUTE
    stream_buffer.c                          0x00000000   Number         0  stream_buffer.o ABSOLUTE
    system_stm32f10x.c                       0x00000000   Number         0  system_stm32f10x.o ABSOLUTE
    systick.c                                0x00000000   Number         0  systick.o ABSOLUTE
    tasks.c                                  0x00000000   Number         0  tasks.o ABSOLUTE
    timers.c                                 0x00000000   Number         0  timers.o ABSOLUTE
    RESET                                    0x08000000   Section      304  startup_stm32f10x_hd.o(RESET)
    .ARM.Collect$$$$00000000                 0x08000130   Section        0  entry.o(.ARM.Collect$$$$00000000)
    .ARM.Collect$$$$00000001                 0x08000130   Section        4  entry2.o(.ARM.Collect$$$$00000001)
    .ARM.Collect$$$$00000004                 0x08000134   Section        4  entry5.o(.ARM.Collect$$$$00000004)
    .ARM.Collect$$$$00000008                 0x08000138   Section        0  entry7b.o(.ARM.Collect$$$$00000008)
    .ARM.Collect$$$$0000000A                 0x08000138   Section        0  entry8b.o(.ARM.Collect$$$$0000000A)
    .ARM.Collect$$$$0000000B                 0x08000138   Section        8  entry9a.o(.ARM.Collect$$$$0000000B)
    __lit__00000000                          0x08000140   Data           4  entry2.o(.ARM.Collect$$$$00002712)
    .ARM.Collect$$$$0000000D                 0x08000140   Section        0  entry10a.o(.ARM.Collect$$$$0000000D)
    .ARM.Collect$$$$0000000F                 0x08000140   Section        0  entry11a.o(.ARM.Collect$$$$0000000F)
    .ARM.Collect$$$$00002712                 0x08000140   Section        4  entry2.o(.ARM.Collect$$$$00002712)
    .text                                    0x08000144   Section       36  startup_stm32f10x_hd.o(.text)
    .text                                    0x08000168   Section        0  memcpya.o(.text)
    .text                                    0x0800018c   Section        0  memseta.o(.text)
    .text                                    0x080001b0   Section        0  uldiv.o(.text)
    .text                                    0x08000214   Section       48  init.o(.text)
    .text                                    0x08000244   Section        0  llshl.o(.text)
    .text                                    0x08000262   Section        0  llushr.o(.text)
    [Anonymous Symbol]                       0x08000284   Section        0  stm32f10x_it.o(.text.BusFault_Handler)
    [Anonymous Symbol]                       0x08000288   Section        0  ds1302.o(.text.DS1302_Check)
    [Anonymous Symbol]                       0x08000320   Section        0  ds1302.o(.text.DS1302_Read_Byte)
    [Anonymous Symbol]                       0x080003e0   Section        0  ds1302.o(.text.DS1302_Write_Byte)
    [Anonymous Symbol]                       0x0800048c   Section        0  stm32f10x_it.o(.text.DebugMon_Handler)
    [Anonymous Symbol]                       0x08000490   Section        0  stm32f10x_flash.o(.text.FLASH_PrefetchBufferCmd)
    [Anonymous Symbol]                       0x080004a8   Section        0  stm32f10x_flash.o(.text.FLASH_SetLatency)
    [Anonymous Symbol]                       0x080004bc   Section        0  stm32f10x_gpio.o(.text.GPIO_Init)
    [Anonymous Symbol]                       0x08000578   Section        0  stm32f10x_gpio.o(.text.GPIO_ReadInputDataBit)
    [Anonymous Symbol]                       0x08000584   Section        0  stm32f10x_gpio.o(.text.GPIO_SetBits)
    [Anonymous Symbol]                       0x08000588   Section        0  stm32f10x_gpio.o(.text.GPIO_WriteBit)
    [Anonymous Symbol]                       0x08000594   Section        0  rcc_clk_config.o(.text.HSE_SetSysClock)
    [Anonymous Symbol]                       0x080005fc   Section        0  stm32f10x_it.o(.text.HardFault_Handler)
    [Anonymous Symbol]                       0x08000600   Section        0  stm32f10x_it.o(.text.MemManage_Handler)
    [Anonymous Symbol]                       0x08000604   Section        0  stm32f10x_it.o(.text.NMI_Handler)
    [Anonymous Symbol]                       0x08000608   Section        0  misc.o(.text.NVIC_Init)
    [Anonymous Symbol]                       0x08000668   Section        0  misc.o(.text.NVIC_PriorityGroupConfig)
    [Anonymous Symbol]                       0x08000680   Section        0  port.o(.text.PendSV_Handler)
    pxCurrentTCBConst                        0x080006c0   Number         0  port.o(.text.PendSV_Handler)
    [Anonymous Symbol]                       0x080006c4   Section        0  ds1302.o(.text.Power_On_Cheak_DS1302)
    [Anonymous Symbol]                       0x080006d0   Section        0  stm32f10x_rcc.o(.text.RCC_APB1PeriphClockCmd)
    [Anonymous Symbol]                       0x080006e8   Section        0  stm32f10x_rcc.o(.text.RCC_APB2PeriphClockCmd)
    [Anonymous Symbol]                       0x08000700   Section        0  stm32f10x_rcc.o(.text.RCC_DeInit)
    [Anonymous Symbol]                       0x08000744   Section        0  stm32f10x_rcc.o(.text.RCC_GetClocksFreq)
    [Anonymous Symbol]                       0x080007fc   Section        0  stm32f10x_rcc.o(.text.RCC_GetFlagStatus)
    [Anonymous Symbol]                       0x08000824   Section        0  stm32f10x_rcc.o(.text.RCC_GetSYSCLKSource)
    [Anonymous Symbol]                       0x08000834   Section        0  stm32f10x_rcc.o(.text.RCC_HCLKConfig)
    [Anonymous Symbol]                       0x08000848   Section        0  stm32f10x_rcc.o(.text.RCC_HSEConfig)
    [Anonymous Symbol]                       0x0800087c   Section        0  stm32f10x_rcc.o(.text.RCC_PCLK1Config)
    [Anonymous Symbol]                       0x08000890   Section        0  stm32f10x_rcc.o(.text.RCC_PCLK2Config)
    [Anonymous Symbol]                       0x080008a8   Section        0  stm32f10x_rcc.o(.text.RCC_PLLCmd)
    [Anonymous Symbol]                       0x080008b4   Section        0  stm32f10x_rcc.o(.text.RCC_PLLConfig)
    [Anonymous Symbol]                       0x080008cc   Section        0  stm32f10x_rcc.o(.text.RCC_SYSCLKConfig)
    [Anonymous Symbol]                       0x080008e0   Section        0  stm32f10x_rcc.o(.text.RCC_WaitForHSEStartUp)
    [Anonymous Symbol]                       0x08000910   Section        0  port.o(.text.SVC_Handler)
    pxCurrentTCBConst2                       0x08000930   Number         0  port.o(.text.SVC_Handler)
    [Anonymous Symbol]                       0x08000934   Section        0  port.o(.text.SysTick_Handler)
    [Anonymous Symbol]                       0x08000964   Section        0  system_stm32f10x.o(.text.SystemInit)
    [Anonymous Symbol]                       0x08000a74   Section        0  tim3.o(.text.TIM3_IRQHandler)
    [Anonymous Symbol]                       0x08000a9c   Section        0  tim3.o(.text.TIM3_Init)
    [Anonymous Symbol]                       0x08000b44   Section        0  stm32f10x_tim.o(.text.TIM_ClearITPendingBit)
    [Anonymous Symbol]                       0x08000b4c   Section        0  stm32f10x_tim.o(.text.TIM_Cmd)
    [Anonymous Symbol]                       0x08000b60   Section        0  stm32f10x_tim.o(.text.TIM_GetITStatus)
    [Anonymous Symbol]                       0x08000b78   Section        0  stm32f10x_tim.o(.text.TIM_ITConfig)
    [Anonymous Symbol]                       0x08000b88   Section        0  stm32f10x_tim.o(.text.TIM_OC1Init)
    [Anonymous Symbol]                       0x08000bf8   Section        0  stm32f10x_tim.o(.text.TIM_OC1PreloadConfig)
    [Anonymous Symbol]                       0x08000c04   Section        0  stm32f10x_tim.o(.text.TIM_OC2Init)
    [Anonymous Symbol]                       0x08000c78   Section        0  stm32f10x_tim.o(.text.TIM_OC2PreloadConfig)
    [Anonymous Symbol]                       0x08000c88   Section        0  stm32f10x_tim.o(.text.TIM_TimeBaseInit)
    [Anonymous Symbol]                       0x08000d34   Section        0  usart1.o(.text.USART1_IRQHandler)
    [Anonymous Symbol]                       0x08000d78   Section        0  usart1.o(.text.USART1_Init)
    [Anonymous Symbol]                       0x08000e10   Section        0  app_usart1_recv.o(.text.USART1_Recv_Task)
    [Anonymous Symbol]                       0x08000ed0   Section        0  usart1.o(.text.USART1_Tick)
    [Anonymous Symbol]                       0x08000f30   Section        0  stm32f10x_usart.o(.text.USART_Cmd)
    [Anonymous Symbol]                       0x08000f44   Section        0  stm32f10x_usart.o(.text.USART_GetFlagStatus)
    [Anonymous Symbol]                       0x08000f50   Section        0  stm32f10x_usart.o(.text.USART_GetITStatus)
    [Anonymous Symbol]                       0x08000f7c   Section        0  stm32f10x_usart.o(.text.USART_ITConfig)
    [Anonymous Symbol]                       0x08000fac   Section        0  stm32f10x_usart.o(.text.USART_Init)
    [Anonymous Symbol]                       0x08001064   Section        0  stm32f10x_usart.o(.text.USART_SendData)
    [Anonymous Symbol]                       0x0800106c   Section        0  stm32f10x_it.o(.text.UsageFault_Handler)
    [Anonymous Symbol]                       0x08001070   Section        0  tasks.o(.text.eTaskConfirmSleepModeStatus)
    [Anonymous Symbol]                       0x080010b8   Section        0  usart1.o(.text.fputc)
    [Anonymous Symbol]                       0x080010dc   Section        0  main.o(.text.main)
    prvAddCurrentTaskToDelayedList           0x080011d1   Thumb Code   200  tasks.o(.text.prvAddCurrentTaskToDelayedList)
    [Anonymous Symbol]                       0x080011d0   Section        0  tasks.o(.text.prvAddCurrentTaskToDelayedList)
    prvIdleTask                              0x08001299   Thumb Code   322  tasks.o(.text.prvIdleTask)
    [Anonymous Symbol]                       0x08001298   Section        0  tasks.o(.text.prvIdleTask)
    prvNotifyQueueSetContainer               0x080013dd   Thumb Code   204  queue.o(.text.prvNotifyQueueSetContainer)
    [Anonymous Symbol]                       0x080013dc   Section        0  queue.o(.text.prvNotifyQueueSetContainer)
    prvPortStartFirstTask                    0x080014a9   Thumb Code    32  port.o(.text.prvPortStartFirstTask)
    [Anonymous Symbol]                       0x080014a8   Section        0  port.o(.text.prvPortStartFirstTask)
    prvProcessExpiredTimer                   0x080014c9   Thumb Code   124  timers.o(.text.prvProcessExpiredTimer)
    [Anonymous Symbol]                       0x080014c8   Section        0  timers.o(.text.prvProcessExpiredTimer)
    prvTaskExitError                         0x08001545   Thumb Code    50  port.o(.text.prvTaskExitError)
    [Anonymous Symbol]                       0x08001544   Section        0  port.o(.text.prvTaskExitError)
    prvTimerTask                             0x08001579   Thumb Code   570  timers.o(.text.prvTimerTask)
    [Anonymous Symbol]                       0x08001578   Section        0  timers.o(.text.prvTimerTask)
    prvUnlockQueue                           0x080017b5   Thumb Code   132  queue.o(.text.prvUnlockQueue)
    [Anonymous Symbol]                       0x080017b4   Section        0  queue.o(.text.prvUnlockQueue)
    [Anonymous Symbol]                       0x08001838   Section        0  heap_4.o(.text.pvPortMalloc)
    [Anonymous Symbol]                       0x080019bc   Section        0  tasks.o(.text.pvTaskIncrementMutexHeldCount)
    [Anonymous Symbol]                       0x080019d4   Section        0  port.o(.text.pxPortInitialiseStack)
    [Anonymous Symbol]                       0x080019f4   Section        0  list.o(.text.uxListRemove)
    [Anonymous Symbol]                       0x08001a18   Section        0  tasks.o(.text.uxTaskGetNumberOfTasks)
    [Anonymous Symbol]                       0x08001a24   Section        0  list.o(.text.vListInitialise)
    [Anonymous Symbol]                       0x08001a3c   Section        0  list.o(.text.vListInitialiseItem)
    [Anonymous Symbol]                       0x08001a44   Section        0  list.o(.text.vListInsert)
    [Anonymous Symbol]                       0x08001a80   Section        0  list.o(.text.vListInsertEnd)
    [Anonymous Symbol]                       0x08001a9c   Section        0  port.o(.text.vPortEnterCritical)
    [Anonymous Symbol]                       0x08001ae4   Section        0  port.o(.text.vPortExitCritical)
    [Anonymous Symbol]                       0x08001b14   Section        0  heap_4.o(.text.vPortFree)
    [Anonymous Symbol]                       0x08001bd8   Section        0  port.o(.text.vPortSetupTimerInterrupt)
    [Anonymous Symbol]                       0x08001c3c   Section        0  port.o(.text.vPortSuppressTicksAndSleep)
    [Anonymous Symbol]                       0x08001d50   Section        0  port.o(.text.vPortValidateInterruptPriority)
    [Anonymous Symbol]                       0x08001db4   Section        0  queue.o(.text.vQueueWaitForMessageRestricted)
    [Anonymous Symbol]                       0x08001dfc   Section        0  main.o(.text.vStartTask)
    [Anonymous Symbol]                       0x08001ee8   Section        0  main.o(.text.vTask2)
    [Anonymous Symbol]                       0x08001ef4   Section        0  tasks.o(.text.vTaskDelay)
    [Anonymous Symbol]                       0x08001fc0   Section        0  tasks.o(.text.vTaskDelete)
    [Anonymous Symbol]                       0x080020e4   Section        0  tasks.o(.text.vTaskInternalSetTimeOutState)
    [Anonymous Symbol]                       0x08002100   Section        0  tasks.o(.text.vTaskMissedYield)
    [Anonymous Symbol]                       0x08002110   Section        0  tasks.o(.text.vTaskPlaceOnEventList)
    [Anonymous Symbol]                       0x08002148   Section        0  tasks.o(.text.vTaskPlaceOnEventListRestricted)
    [Anonymous Symbol]                       0x080021bc   Section        0  tasks.o(.text.vTaskPriorityDisinheritAfterTimeout)
    [Anonymous Symbol]                       0x08002290   Section        0  tasks.o(.text.vTaskStartScheduler)
    [Anonymous Symbol]                       0x0800232c   Section        0  tasks.o(.text.vTaskStepTick)
    [Anonymous Symbol]                       0x080023c0   Section        0  tasks.o(.text.vTaskSuspendAll)
    __tagsym$$used.0                         0x080023d0   Number         0  tasks.o(.text.vTaskSwitchContext)
    [Anonymous Symbol]                       0x080023d0   Section        0  tasks.o(.text.vTaskSwitchContext)
    [Anonymous Symbol]                       0x08002458   Section        0  port.o(.text.xPortStartScheduler)
    [Anonymous Symbol]                       0x08002530   Section        0  queue.o(.text.xQueueGenericCreate)
    [Anonymous Symbol]                       0x080025c8   Section        0  queue.o(.text.xQueueGiveFromISR)
    [Anonymous Symbol]                       0x080026cc   Section        0  queue.o(.text.xQueueReceive)
    [Anonymous Symbol]                       0x08002874   Section        0  queue.o(.text.xQueueSemaphoreTake)
    [Anonymous Symbol]                       0x08002a30   Section        0  tasks.o(.text.xTaskCheckForTimeOut)
    [Anonymous Symbol]                       0x08002ad8   Section        0  tasks.o(.text.xTaskCreate)
    [Anonymous Symbol]                       0x08002cd4   Section        0  tasks.o(.text.xTaskGetSchedulerState)
    [Anonymous Symbol]                       0x08002cfc   Section        0  tasks.o(.text.xTaskGetTickCount)
    [Anonymous Symbol]                       0x08002d08   Section        0  tasks.o(.text.xTaskIncrementTick)
    [Anonymous Symbol]                       0x08002ec4   Section        0  tasks.o(.text.xTaskPriorityDisinherit)
    [Anonymous Symbol]                       0x08002f98   Section        0  tasks.o(.text.xTaskPriorityInherit)
    [Anonymous Symbol]                       0x08003058   Section        0  tasks.o(.text.xTaskRemoveFromEventList)
    [Anonymous Symbol]                       0x08003180   Section        0  tasks.o(.text.xTaskResumeAll)
    [Anonymous Symbol]                       0x08003300   Section        0  timers.o(.text.xTimerCreateTimerTask)
    i.__0printf$8                            0x080033a4   Section        0  printf8.o(i.__0printf$8)
    i.__scatterload_copy                     0x080033c4   Section       14  handlers.o(i.__scatterload_copy)
    i.__scatterload_null                     0x080033d2   Section        2  handlers.o(i.__scatterload_null)
    i.__scatterload_zeroinit                 0x080033d4   Section       14  handlers.o(i.__scatterload_zeroinit)
    _printf_core                             0x080033e5   Thumb Code   996  printf8.o(i._printf_core)
    i._printf_core                           0x080033e4   Section        0  printf8.o(i._printf_core)
    _printf_post_padding                     0x080037f5   Thumb Code    36  printf8.o(i._printf_post_padding)
    i._printf_post_padding                   0x080037f4   Section        0  printf8.o(i._printf_post_padding)
    _printf_pre_padding                      0x08003819   Thumb Code    46  printf8.o(i._printf_pre_padding)
    i._printf_pre_padding                    0x08003818   Section        0  printf8.o(i._printf_pre_padding)
    i.puts                                   0x08003848   Section        0  puts.o(i.puts)
    ADCPrescTable                            0x0800386c   Data           4  stm32f10x_rcc.o(.rodata.ADCPrescTable)
    [Anonymous Symbol]                       0x0800386c   Section        0  stm32f10x_rcc.o(.rodata.ADCPrescTable)
    APBAHBPrescTable                         0x08003870   Data          16  stm32f10x_rcc.o(.rodata.APBAHBPrescTable)
    [Anonymous Symbol]                       0x08003870   Section        0  stm32f10x_rcc.o(.rodata.APBAHBPrescTable)
    .data                                    0x20000000   Section        4  stdout.o(.data)
    uxCriticalNesting                        0x20000008   Data           4  port.o(.data.uxCriticalNesting)
    [Anonymous Symbol]                       0x20000008   Section        0  port.o(.data.uxCriticalNesting)
    prvSampleTimeNow.xLastTime               0x2000011c   Data           4  timers.o(.bss.prvSampleTimeNow.xLastTime)
    [Anonymous Symbol]                       0x2000011c   Section        0  timers.o(.bss.prvSampleTimeNow.xLastTime)
    __tagsym$$used.1                         0x20000120   Number         0  tasks.o(.bss.pxCurrentTCB)
    pxCurrentTimerList                       0x20000124   Data           4  timers.o(.bss.pxCurrentTimerList)
    [Anonymous Symbol]                       0x20000124   Section        0  timers.o(.bss.pxCurrentTimerList)
    pxDelayedTaskList                        0x20000128   Data           4  tasks.o(.bss.pxDelayedTaskList)
    [Anonymous Symbol]                       0x20000128   Section        0  tasks.o(.bss.pxDelayedTaskList)
    pxEnd                                    0x2000012c   Data           4  heap_4.o(.bss.pxEnd)
    [Anonymous Symbol]                       0x2000012c   Section        0  heap_4.o(.bss.pxEnd)
    pxOverflowDelayedTaskList                0x20000130   Data           4  tasks.o(.bss.pxOverflowDelayedTaskList)
    [Anonymous Symbol]                       0x20000130   Section        0  tasks.o(.bss.pxOverflowDelayedTaskList)
    pxOverflowTimerList                      0x20000134   Data           4  timers.o(.bss.pxOverflowTimerList)
    [Anonymous Symbol]                       0x20000134   Section        0  timers.o(.bss.pxOverflowTimerList)
    pxReadyTasksLists                        0x20000138   Data         300  tasks.o(.bss.pxReadyTasksLists)
    [Anonymous Symbol]                       0x20000138   Section        0  tasks.o(.bss.pxReadyTasksLists)
    ucHeap                                   0x20000264   Data       35840  heap_4.o(.bss.ucHeap)
    [Anonymous Symbol]                       0x20000264   Section        0  heap_4.o(.bss.ucHeap)
    ucMaxSysCallPriority                     0x20008e64   Data           1  port.o(.bss.ucMaxSysCallPriority)
    [Anonymous Symbol]                       0x20008e64   Section        0  port.o(.bss.ucMaxSysCallPriority)
    ulMaxPRIGROUPValue                       0x20008e68   Data           4  port.o(.bss.ulMaxPRIGROUPValue)
    [Anonymous Symbol]                       0x20008e68   Section        0  port.o(.bss.ulMaxPRIGROUPValue)
    ulStoppedTimerCompensation               0x20008e6c   Data           1  port.o(.bss.ulStoppedTimerCompensation)
    [Anonymous Symbol]                       0x20008e6c   Section        0  port.o(.bss.ulStoppedTimerCompensation)
    ulTimerCountsForOneTick                  0x20008e70   Data           4  port.o(.bss.ulTimerCountsForOneTick)
    [Anonymous Symbol]                       0x20008e70   Section        0  port.o(.bss.ulTimerCountsForOneTick)
    uxCurrentNumberOfTasks                   0x20008e74   Data           4  tasks.o(.bss.uxCurrentNumberOfTasks)
    [Anonymous Symbol]                       0x20008e74   Section        0  tasks.o(.bss.uxCurrentNumberOfTasks)
    uxDeletedTasksWaitingCleanUp             0x20008e78   Data           4  tasks.o(.bss.uxDeletedTasksWaitingCleanUp)
    [Anonymous Symbol]                       0x20008e78   Section        0  tasks.o(.bss.uxDeletedTasksWaitingCleanUp)
    uxSchedulerSuspended                     0x20008e7c   Data           4  tasks.o(.bss.uxSchedulerSuspended)
    [Anonymous Symbol]                       0x20008e7c   Section        0  tasks.o(.bss.uxSchedulerSuspended)
    uxTaskNumber                             0x20008e80   Data           4  tasks.o(.bss.uxTaskNumber)
    [Anonymous Symbol]                       0x20008e80   Section        0  tasks.o(.bss.uxTaskNumber)
    uxTopReadyPriority                       0x20008e84   Data           4  tasks.o(.bss.uxTopReadyPriority)
    [Anonymous Symbol]                       0x20008e84   Section        0  tasks.o(.bss.uxTopReadyPriority)
    xActiveTimerList1                        0x20008e88   Data          20  timers.o(.bss.xActiveTimerList1)
    [Anonymous Symbol]                       0x20008e88   Section        0  timers.o(.bss.xActiveTimerList1)
    xActiveTimerList2                        0x20008e9c   Data          20  timers.o(.bss.xActiveTimerList2)
    [Anonymous Symbol]                       0x20008e9c   Section        0  timers.o(.bss.xActiveTimerList2)
    xDelayedTaskList1                        0x20008eb0   Data          20  tasks.o(.bss.xDelayedTaskList1)
    [Anonymous Symbol]                       0x20008eb0   Section        0  tasks.o(.bss.xDelayedTaskList1)
    xDelayedTaskList2                        0x20008ec4   Data          20  tasks.o(.bss.xDelayedTaskList2)
    [Anonymous Symbol]                       0x20008ec4   Section        0  tasks.o(.bss.xDelayedTaskList2)
    xFreeBytesRemaining                      0x20008ed8   Data           4  heap_4.o(.bss.xFreeBytesRemaining)
    [Anonymous Symbol]                       0x20008ed8   Section        0  heap_4.o(.bss.xFreeBytesRemaining)
    xIdleTaskHandle                          0x20008edc   Data           4  tasks.o(.bss.xIdleTaskHandle)
    [Anonymous Symbol]                       0x20008edc   Section        0  tasks.o(.bss.xIdleTaskHandle)
    xMaximumPossibleSuppressedTicks          0x20008ee0   Data           4  port.o(.bss.xMaximumPossibleSuppressedTicks)
    [Anonymous Symbol]                       0x20008ee0   Section        0  port.o(.bss.xMaximumPossibleSuppressedTicks)
    xMinimumEverFreeBytesRemaining           0x20008ee4   Data           4  heap_4.o(.bss.xMinimumEverFreeBytesRemaining)
    [Anonymous Symbol]                       0x20008ee4   Section        0  heap_4.o(.bss.xMinimumEverFreeBytesRemaining)
    xNextTaskUnblockTime                     0x20008ee8   Data           4  tasks.o(.bss.xNextTaskUnblockTime)
    [Anonymous Symbol]                       0x20008ee8   Section        0  tasks.o(.bss.xNextTaskUnblockTime)
    xNumOfOverflows                          0x20008eec   Data           4  tasks.o(.bss.xNumOfOverflows)
    [Anonymous Symbol]                       0x20008eec   Section        0  tasks.o(.bss.xNumOfOverflows)
    xNumberOfSuccessfulAllocations           0x20008ef0   Data           4  heap_4.o(.bss.xNumberOfSuccessfulAllocations)
    [Anonymous Symbol]                       0x20008ef0   Section        0  heap_4.o(.bss.xNumberOfSuccessfulAllocations)
    xNumberOfSuccessfulFrees                 0x20008ef4   Data           4  heap_4.o(.bss.xNumberOfSuccessfulFrees)
    [Anonymous Symbol]                       0x20008ef4   Section        0  heap_4.o(.bss.xNumberOfSuccessfulFrees)
    xPendedTicks                             0x20008ef8   Data           4  tasks.o(.bss.xPendedTicks)
    [Anonymous Symbol]                       0x20008ef8   Section        0  tasks.o(.bss.xPendedTicks)
    xPendingReadyList                        0x20008efc   Data          20  tasks.o(.bss.xPendingReadyList)
    [Anonymous Symbol]                       0x20008efc   Section        0  tasks.o(.bss.xPendingReadyList)
    xSchedulerRunning                        0x20008f10   Data           4  tasks.o(.bss.xSchedulerRunning)
    [Anonymous Symbol]                       0x20008f10   Section        0  tasks.o(.bss.xSchedulerRunning)
    xStart                                   0x20008f14   Data           8  heap_4.o(.bss.xStart)
    [Anonymous Symbol]                       0x20008f14   Section        0  heap_4.o(.bss.xStart)
    xSuspendedTaskList                       0x20008f20   Data          20  tasks.o(.bss.xSuspendedTaskList)
    [Anonymous Symbol]                       0x20008f20   Section        0  tasks.o(.bss.xSuspendedTaskList)
    xTasksWaitingTermination                 0x20008f38   Data          20  tasks.o(.bss.xTasksWaitingTermination)
    [Anonymous Symbol]                       0x20008f38   Section        0  tasks.o(.bss.xTasksWaitingTermination)
    xTickCount                               0x20008f4c   Data           4  tasks.o(.bss.xTickCount)
    [Anonymous Symbol]                       0x20008f4c   Section        0  tasks.o(.bss.xTickCount)
    xTimerQueue                              0x20008f50   Data           4  timers.o(.bss.xTimerQueue)
    [Anonymous Symbol]                       0x20008f50   Section        0  timers.o(.bss.xTimerQueue)
    xTimerTaskHandle                         0x20008f54   Data           4  timers.o(.bss.xTimerTaskHandle)
    [Anonymous Symbol]                       0x20008f54   Section        0  timers.o(.bss.xTimerTaskHandle)
    xYieldPending                            0x20008f60   Data           4  tasks.o(.bss.xYieldPending)
    [Anonymous Symbol]                       0x20008f60   Section        0  tasks.o(.bss.xYieldPending)
    STACK                                    0x20008f68   Section     1024  startup_stm32f10x_hd.o(STACK)

    Global Symbols

    Symbol Name                              Value     Ov Type        Size  Object(Section)

    BuildAttributes$$THM_ISAv4$P$D$K$B$S$PE$A:L22UL41UL21$X:L11$S22US41US21$IEEE1$IW$~IW$USESV6$~STKCKD$USESV7$~SHL$OTIME$ROPI$EBA8$MICROLIB$REQ8$PRES8$EABIv2 0x00000000   Number         0  anon$$obj.o ABSOLUTE
    _printf_a                                0x00000000   Number         0  printfstubs.o ABSOLUTE
    _printf_c                                0x00000000   Number         0  printfstubs.o ABSOLUTE
    _printf_charcount                        0x00000000   Number         0  printfstubs.o ABSOLUTE
    _printf_d                                0x00000000   Number         0  printfstubs.o ABSOLUTE
    _printf_e                                0x00000000   Number         0  printfstubs.o ABSOLUTE
    _printf_f                                0x00000000   Number         0  printfstubs.o ABSOLUTE
    _printf_flags                            0x00000000   Number         0  printfstubs.o ABSOLUTE
    _printf_fp_dec                           0x00000000   Number         0  printfstubs.o ABSOLUTE
    _printf_fp_hex                           0x00000000   Number         0  printfstubs.o ABSOLUTE
    _printf_g                                0x00000000   Number         0  printfstubs.o ABSOLUTE
    _printf_i                                0x00000000   Number         0  printfstubs.o ABSOLUTE
    _printf_int_dec                          0x00000000   Number         0  printfstubs.o ABSOLUTE
    _printf_l                                0x00000000   Number         0  printfstubs.o ABSOLUTE
    _printf_lc                               0x00000000   Number         0  printfstubs.o ABSOLUTE
    _printf_ll                               0x00000000   Number         0  printfstubs.o ABSOLUTE
    _printf_lld                              0x00000000   Number         0  printfstubs.o ABSOLUTE
    _printf_lli                              0x00000000   Number         0  printfstubs.o ABSOLUTE
    _printf_llo                              0x00000000   Number         0  printfstubs.o ABSOLUTE
    _printf_llu                              0x00000000   Number         0  printfstubs.o ABSOLUTE
    _printf_llx                              0x00000000   Number         0  printfstubs.o ABSOLUTE
    _printf_longlong_dec                     0x00000000   Number         0  printfstubs.o ABSOLUTE
    _printf_longlong_hex                     0x00000000   Number         0  printfstubs.o ABSOLUTE
    _printf_longlong_oct                     0x00000000   Number         0  printfstubs.o ABSOLUTE
    _printf_ls                               0x00000000   Number         0  printfstubs.o ABSOLUTE
    _printf_mbtowc                           0x00000000   Number         0  printfstubs.o ABSOLUTE
    _printf_n                                0x00000000   Number         0  printfstubs.o ABSOLUTE
    _printf_o                                0x00000000   Number         0  printfstubs.o ABSOLUTE
    _printf_p                                0x00000000   Number         0  printfstubs.o ABSOLUTE
    _printf_percent                          0x00000000   Number         0  printfstubs.o ABSOLUTE
    _printf_pre_padding                      0x00000000   Number         0  printfstubs.o ABSOLUTE
    _printf_return_value                     0x00000000   Number         0  printfstubs.o ABSOLUTE
    _printf_s                                0x00000000   Number         0  printfstubs.o ABSOLUTE
    _printf_sizespec                         0x00000000   Number         0  printfstubs.o ABSOLUTE
    _printf_str                              0x00000000   Number         0  printfstubs.o ABSOLUTE
    _printf_truncate_signed                  0x00000000   Number         0  printfstubs.o ABSOLUTE
    _printf_truncate_unsigned                0x00000000   Number         0  printfstubs.o ABSOLUTE
    _printf_u                                0x00000000   Number         0  printfstubs.o ABSOLUTE
    _printf_wc                               0x00000000   Number         0  printfstubs.o ABSOLUTE
    _printf_wctomb                           0x00000000   Number         0  printfstubs.o ABSOLUTE
    _printf_widthprec                        0x00000000   Number         0  printfstubs.o ABSOLUTE
    _printf_x                                0x00000000   Number         0  printfstubs.o ABSOLUTE
    __cpp_initialize__aeabi_                  - Undefined Weak Reference
    __cxa_finalize                            - Undefined Weak Reference
    __decompress                              - Undefined Weak Reference
    _clock_init                               - Undefined Weak Reference
    _microlib_exit                            - Undefined Weak Reference
    __Vectors_Size                           0x00000130   Number         0  startup_stm32f10x_hd.o ABSOLUTE
    __Vectors                                0x08000000   Data           4  startup_stm32f10x_hd.o(RESET)
    __Vectors_End                            0x08000130   Data           0  startup_stm32f10x_hd.o(RESET)
    __main                                   0x08000131   Thumb Code     0  entry.o(.ARM.Collect$$$$00000000)
    _main_stk                                0x08000131   Thumb Code     0  entry2.o(.ARM.Collect$$$$00000001)
    _main_scatterload                        0x08000135   Thumb Code     0  entry5.o(.ARM.Collect$$$$00000004)
    __main_after_scatterload                 0x08000139   Thumb Code     0  entry5.o(.ARM.Collect$$$$00000004)
    _main_clock                              0x08000139   Thumb Code     0  entry7b.o(.ARM.Collect$$$$00000008)
    _main_cpp_init                           0x08000139   Thumb Code     0  entry8b.o(.ARM.Collect$$$$0000000A)
    _main_init                               0x08000139   Thumb Code     0  entry9a.o(.ARM.Collect$$$$0000000B)
    __rt_final_cpp                           0x08000141   Thumb Code     0  entry10a.o(.ARM.Collect$$$$0000000D)
    __rt_final_exit                          0x08000141   Thumb Code     0  entry11a.o(.ARM.Collect$$$$0000000F)
    Reset_Handler                            0x08000145   Thumb Code     8  startup_stm32f10x_hd.o(.text)
    ADC1_2_IRQHandler                        0x0800015f   Thumb Code     0  startup_stm32f10x_hd.o(.text)
    ADC3_IRQHandler                          0x0800015f   Thumb Code     0  startup_stm32f10x_hd.o(.text)
    CAN1_RX1_IRQHandler                      0x0800015f   Thumb Code     0  startup_stm32f10x_hd.o(.text)
    CAN1_SCE_IRQHandler                      0x0800015f   Thumb Code     0  startup_stm32f10x_hd.o(.text)
    DMA1_Channel1_IRQHandler                 0x0800015f   Thumb Code     0  startup_stm32f10x_hd.o(.text)
    DMA1_Channel2_IRQHandler                 0x0800015f   Thumb Code     0  startup_stm32f10x_hd.o(.text)
    DMA1_Channel3_IRQHandler                 0x0800015f   Thumb Code     0  startup_stm32f10x_hd.o(.text)
    DMA1_Channel4_IRQHandler                 0x0800015f   Thumb Code     0  startup_stm32f10x_hd.o(.text)
    DMA1_Channel5_IRQHandler                 0x0800015f   Thumb Code     0  startup_stm32f10x_hd.o(.text)
    DMA1_Channel6_IRQHandler                 0x0800015f   Thumb Code     0  startup_stm32f10x_hd.o(.text)
    DMA1_Channel7_IRQHandler                 0x0800015f   Thumb Code     0  startup_stm32f10x_hd.o(.text)
    DMA2_Channel1_IRQHandler                 0x0800015f   Thumb Code     0  startup_stm32f10x_hd.o(.text)
    DMA2_Channel2_IRQHandler                 0x0800015f   Thumb Code     0  startup_stm32f10x_hd.o(.text)
    DMA2_Channel3_IRQHandler                 0x0800015f   Thumb Code     0  startup_stm32f10x_hd.o(.text)
    DMA2_Channel4_5_IRQHandler               0x0800015f   Thumb Code     0  startup_stm32f10x_hd.o(.text)
    EXTI0_IRQHandler                         0x0800015f   Thumb Code     0  startup_stm32f10x_hd.o(.text)
    EXTI15_10_IRQHandler                     0x0800015f   Thumb Code     0  startup_stm32f10x_hd.o(.text)
    EXTI1_IRQHandler                         0x0800015f   Thumb Code     0  startup_stm32f10x_hd.o(.text)
    EXTI2_IRQHandler                         0x0800015f   Thumb Code     0  startup_stm32f10x_hd.o(.text)
    EXTI3_IRQHandler                         0x0800015f   Thumb Code     0  startup_stm32f10x_hd.o(.text)
    EXTI4_IRQHandler                         0x0800015f   Thumb Code     0  startup_stm32f10x_hd.o(.text)
    EXTI9_5_IRQHandler                       0x0800015f   Thumb Code     0  startup_stm32f10x_hd.o(.text)
    FLASH_IRQHandler                         0x0800015f   Thumb Code     0  startup_stm32f10x_hd.o(.text)
    FSMC_IRQHandler                          0x0800015f   Thumb Code     0  startup_stm32f10x_hd.o(.text)
    I2C1_ER_IRQHandler                       0x0800015f   Thumb Code     0  startup_stm32f10x_hd.o(.text)
    I2C1_EV_IRQHandler                       0x0800015f   Thumb Code     0  startup_stm32f10x_hd.o(.text)
    I2C2_ER_IRQHandler                       0x0800015f   Thumb Code     0  startup_stm32f10x_hd.o(.text)
    I2C2_EV_IRQHandler                       0x0800015f   Thumb Code     0  startup_stm32f10x_hd.o(.text)
    PVD_IRQHandler                           0x0800015f   Thumb Code     0  startup_stm32f10x_hd.o(.text)
    RCC_IRQHandler                           0x0800015f   Thumb Code     0  startup_stm32f10x_hd.o(.text)
    RTCAlarm_IRQHandler                      0x0800015f   Thumb Code     0  startup_stm32f10x_hd.o(.text)
    RTC_IRQHandler                           0x0800015f   Thumb Code     0  startup_stm32f10x_hd.o(.text)
    SDIO_IRQHandler                          0x0800015f   Thumb Code     0  startup_stm32f10x_hd.o(.text)
    SPI1_IRQHandler                          0x0800015f   Thumb Code     0  startup_stm32f10x_hd.o(.text)
    SPI2_IRQHandler                          0x0800015f   Thumb Code     0  startup_stm32f10x_hd.o(.text)
    SPI3_IRQHandler                          0x0800015f   Thumb Code     0  startup_stm32f10x_hd.o(.text)
    TAMPER_IRQHandler                        0x0800015f   Thumb Code     0  startup_stm32f10x_hd.o(.text)
    TIM1_BRK_IRQHandler                      0x0800015f   Thumb Code     0  startup_stm32f10x_hd.o(.text)
    TIM1_CC_IRQHandler                       0x0800015f   Thumb Code     0  startup_stm32f10x_hd.o(.text)
    TIM1_TRG_COM_IRQHandler                  0x0800015f   Thumb Code     0  startup_stm32f10x_hd.o(.text)
    TIM1_UP_IRQHandler                       0x0800015f   Thumb Code     0  startup_stm32f10x_hd.o(.text)
    TIM2_IRQHandler                          0x0800015f   Thumb Code     0  startup_stm32f10x_hd.o(.text)
    TIM4_IRQHandler                          0x0800015f   Thumb Code     0  startup_stm32f10x_hd.o(.text)
    TIM5_IRQHandler                          0x0800015f   Thumb Code     0  startup_stm32f10x_hd.o(.text)
    TIM6_IRQHandler                          0x0800015f   Thumb Code     0  startup_stm32f10x_hd.o(.text)
    TIM7_IRQHandler                          0x0800015f   Thumb Code     0  startup_stm32f10x_hd.o(.text)
    TIM8_BRK_IRQHandler                      0x0800015f   Thumb Code     0  startup_stm32f10x_hd.o(.text)
    TIM8_CC_IRQHandler                       0x0800015f   Thumb Code     0  startup_stm32f10x_hd.o(.text)
    TIM8_TRG_COM_IRQHandler                  0x0800015f   Thumb Code     0  startup_stm32f10x_hd.o(.text)
    TIM8_UP_IRQHandler                       0x0800015f   Thumb Code     0  startup_stm32f10x_hd.o(.text)
    UART4_IRQHandler                         0x0800015f   Thumb Code     0  startup_stm32f10x_hd.o(.text)
    UART5_IRQHandler                         0x0800015f   Thumb Code     0  startup_stm32f10x_hd.o(.text)
    USART2_IRQHandler                        0x0800015f   Thumb Code     0  startup_stm32f10x_hd.o(.text)
    USART3_IRQHandler                        0x0800015f   Thumb Code     0  startup_stm32f10x_hd.o(.text)
    USBWakeUp_IRQHandler                     0x0800015f   Thumb Code     0  startup_stm32f10x_hd.o(.text)
    USB_HP_CAN1_TX_IRQHandler                0x0800015f   Thumb Code     0  startup_stm32f10x_hd.o(.text)
    USB_LP_CAN1_RX0_IRQHandler               0x0800015f   Thumb Code     0  startup_stm32f10x_hd.o(.text)
    WWDG_IRQHandler                          0x0800015f   Thumb Code     0  startup_stm32f10x_hd.o(.text)
    __aeabi_memcpy                           0x08000169   Thumb Code    36  memcpya.o(.text)
    __aeabi_memcpy4                          0x08000169   Thumb Code     0  memcpya.o(.text)
    __aeabi_memcpy8                          0x08000169   Thumb Code     0  memcpya.o(.text)
    __aeabi_memset                           0x0800018d   Thumb Code    14  memseta.o(.text)
    __aeabi_memset4                          0x0800018d   Thumb Code     0  memseta.o(.text)
    __aeabi_memset8                          0x0800018d   Thumb Code     0  memseta.o(.text)
    __aeabi_memclr                           0x0800019b   Thumb Code     4  memseta.o(.text)
    __aeabi_memclr4                          0x0800019b   Thumb Code     0  memseta.o(.text)
    __aeabi_memclr8                          0x0800019b   Thumb Code     0  memseta.o(.text)
    _memset$wrapper                          0x0800019f   Thumb Code    18  memseta.o(.text)
    __aeabi_uldivmod                         0x080001b1   Thumb Code    98  uldiv.o(.text)
    __scatterload                            0x08000215   Thumb Code    38  init.o(.text)
    __scatterload_rt2                        0x08000215   Thumb Code     0  init.o(.text)
    __aeabi_llsl                             0x08000245   Thumb Code    30  llshl.o(.text)
    _ll_shift_l                              0x08000245   Thumb Code     0  llshl.o(.text)
    __aeabi_llsr                             0x08000263   Thumb Code    32  llushr.o(.text)
    _ll_ushift_r                             0x08000263   Thumb Code     0  llushr.o(.text)
    BusFault_Handler                         0x08000285   Thumb Code     2  stm32f10x_it.o(.text.BusFault_Handler)
    DS1302_Check                             0x08000289   Thumb Code   150  ds1302.o(.text.DS1302_Check)
    DS1302_Read_Byte                         0x08000321   Thumb Code   192  ds1302.o(.text.DS1302_Read_Byte)
    DS1302_Write_Byte                        0x080003e1   Thumb Code   170  ds1302.o(.text.DS1302_Write_Byte)
    DebugMon_Handler                         0x0800048d   Thumb Code     2  stm32f10x_it.o(.text.DebugMon_Handler)
    FLASH_PrefetchBufferCmd                  0x08000491   Thumb Code    24  stm32f10x_flash.o(.text.FLASH_PrefetchBufferCmd)
    FLASH_SetLatency                         0x080004a9   Thumb Code    20  stm32f10x_flash.o(.text.FLASH_SetLatency)
    GPIO_Init                                0x080004bd   Thumb Code   188  stm32f10x_gpio.o(.text.GPIO_Init)
    GPIO_ReadInputDataBit                    0x08000579   Thumb Code    10  stm32f10x_gpio.o(.text.GPIO_ReadInputDataBit)
    GPIO_SetBits                             0x08000585   Thumb Code     4  stm32f10x_gpio.o(.text.GPIO_SetBits)
    GPIO_WriteBit                            0x08000589   Thumb Code    12  stm32f10x_gpio.o(.text.GPIO_WriteBit)
    HSE_SetSysClock                          0x08000595   Thumb Code   102  rcc_clk_config.o(.text.HSE_SetSysClock)
    HardFault_Handler                        0x080005fd   Thumb Code     2  stm32f10x_it.o(.text.HardFault_Handler)
    MemManage_Handler                        0x08000601   Thumb Code     2  stm32f10x_it.o(.text.MemManage_Handler)
    NMI_Handler                              0x08000605   Thumb Code     2  stm32f10x_it.o(.text.NMI_Handler)
    NVIC_Init                                0x08000609   Thumb Code    94  misc.o(.text.NVIC_Init)
    NVIC_PriorityGroupConfig                 0x08000669   Thumb Code    20  misc.o(.text.NVIC_PriorityGroupConfig)
    PendSV_Handler                           0x08000681   Thumb Code    68  port.o(.text.PendSV_Handler)
    Power_On_Cheak_DS1302                    0x080006c5   Thumb Code    12  ds1302.o(.text.Power_On_Cheak_DS1302)
    RCC_APB1PeriphClockCmd                   0x080006d1   Thumb Code    24  stm32f10x_rcc.o(.text.RCC_APB1PeriphClockCmd)
    RCC_APB2PeriphClockCmd                   0x080006e9   Thumb Code    24  stm32f10x_rcc.o(.text.RCC_APB2PeriphClockCmd)
    RCC_DeInit                               0x08000701   Thumb Code    66  stm32f10x_rcc.o(.text.RCC_DeInit)
    RCC_GetClocksFreq                        0x08000745   Thumb Code   182  stm32f10x_rcc.o(.text.RCC_GetClocksFreq)
    RCC_GetFlagStatus                        0x080007fd   Thumb Code    38  stm32f10x_rcc.o(.text.RCC_GetFlagStatus)
    RCC_GetSYSCLKSource                      0x08000825   Thumb Code    16  stm32f10x_rcc.o(.text.RCC_GetSYSCLKSource)
    RCC_HCLKConfig                           0x08000835   Thumb Code    20  stm32f10x_rcc.o(.text.RCC_HCLKConfig)
    RCC_HSEConfig                            0x08000849   Thumb Code    50  stm32f10x_rcc.o(.text.RCC_HSEConfig)
    RCC_PCLK1Config                          0x0800087d   Thumb Code    20  stm32f10x_rcc.o(.text.RCC_PCLK1Config)
    RCC_PCLK2Config                          0x08000891   Thumb Code    22  stm32f10x_rcc.o(.text.RCC_PCLK2Config)
    RCC_PLLCmd                               0x080008a9   Thumb Code    10  stm32f10x_rcc.o(.text.RCC_PLLCmd)
    RCC_PLLConfig                            0x080008b5   Thumb Code    22  stm32f10x_rcc.o(.text.RCC_PLLConfig)
    RCC_SYSCLKConfig                         0x080008cd   Thumb Code    20  stm32f10x_rcc.o(.text.RCC_SYSCLKConfig)
    RCC_WaitForHSEStartUp                    0x080008e1   Thumb Code    48  stm32f10x_rcc.o(.text.RCC_WaitForHSEStartUp)
    SVC_Handler                              0x08000911   Thumb Code    36  port.o(.text.SVC_Handler)
    SysTick_Handler                          0x08000935   Thumb Code    46  port.o(.text.SysTick_Handler)
    SystemInit                               0x08000965   Thumb Code   272  system_stm32f10x.o(.text.SystemInit)
    TIM3_IRQHandler                          0x08000a75   Thumb Code    40  tim3.o(.text.TIM3_IRQHandler)
    TIM3_Init                                0x08000a9d   Thumb Code   168  tim3.o(.text.TIM3_Init)
    TIM_ClearITPendingBit                    0x08000b45   Thumb Code     6  stm32f10x_tim.o(.text.TIM_ClearITPendingBit)
    TIM_Cmd                                  0x08000b4d   Thumb Code    18  stm32f10x_tim.o(.text.TIM_Cmd)
    TIM_GetITStatus                          0x08000b61   Thumb Code    24  stm32f10x_tim.o(.text.TIM_GetITStatus)
    TIM_ITConfig                             0x08000b79   Thumb Code    16  stm32f10x_tim.o(.text.TIM_ITConfig)
    TIM_OC1Init                              0x08000b89   Thumb Code   112  stm32f10x_tim.o(.text.TIM_OC1Init)
    TIM_OC1PreloadConfig                     0x08000bf9   Thumb Code    12  stm32f10x_tim.o(.text.TIM_OC1PreloadConfig)
    TIM_OC2Init                              0x08000c05   Thumb Code   116  stm32f10x_tim.o(.text.TIM_OC2Init)
    TIM_OC2PreloadConfig                     0x08000c79   Thumb Code    14  stm32f10x_tim.o(.text.TIM_OC2PreloadConfig)
    TIM_TimeBaseInit                         0x08000c89   Thumb Code   170  stm32f10x_tim.o(.text.TIM_TimeBaseInit)
    USART1_IRQHandler                        0x08000d35   Thumb Code    66  usart1.o(.text.USART1_IRQHandler)
    USART1_Init                              0x08000d79   Thumb Code   152  usart1.o(.text.USART1_Init)
    USART1_Recv_Task                         0x08000e11   Thumb Code   140  app_usart1_recv.o(.text.USART1_Recv_Task)
    USART1_Tick                              0x08000ed1   Thumb Code    94  usart1.o(.text.USART1_Tick)
    USART_Cmd                                0x08000f31   Thumb Code    20  stm32f10x_usart.o(.text.USART_Cmd)
    USART_GetFlagStatus                      0x08000f45   Thumb Code    10  stm32f10x_usart.o(.text.USART_GetFlagStatus)
    USART_GetITStatus                        0x08000f51   Thumb Code    42  stm32f10x_usart.o(.text.USART_GetITStatus)
    USART_ITConfig                           0x08000f7d   Thumb Code    46  stm32f10x_usart.o(.text.USART_ITConfig)
    USART_Init                               0x08000fad   Thumb Code   182  stm32f10x_usart.o(.text.USART_Init)
    USART_SendData                           0x08001065   Thumb Code     8  stm32f10x_usart.o(.text.USART_SendData)
    UsageFault_Handler                       0x0800106d   Thumb Code     2  stm32f10x_it.o(.text.UsageFault_Handler)
    eTaskConfirmSleepModeStatus              0x08001071   Thumb Code    72  tasks.o(.text.eTaskConfirmSleepModeStatus)
    fputc                                    0x080010b9   Thumb Code    36  usart1.o(.text.fputc)
    main                                     0x080010dd   Thumb Code   140  main.o(.text.main)
    pvPortMalloc                             0x08001839   Thumb Code   386  heap_4.o(.text.pvPortMalloc)
    pvTaskIncrementMutexHeldCount            0x080019bd   Thumb Code    24  tasks.o(.text.pvTaskIncrementMutexHeldCount)
    pxPortInitialiseStack                    0x080019d5   Thumb Code    32  port.o(.text.pxPortInitialiseStack)
    uxListRemove                             0x080019f5   Thumb Code    36  list.o(.text.uxListRemove)
    uxTaskGetNumberOfTasks                   0x08001a19   Thumb Code    12  tasks.o(.text.uxTaskGetNumberOfTasks)
    vListInitialise                          0x08001a25   Thumb Code    22  list.o(.text.vListInitialise)
    vListInitialiseItem                      0x08001a3d   Thumb Code     6  list.o(.text.vListInitialiseItem)
    vListInsert                              0x08001a45   Thumb Code    58  list.o(.text.vListInsert)
    vListInsertEnd                           0x08001a81   Thumb Code    28  list.o(.text.vListInsertEnd)
    vPortEnterCritical                       0x08001a9d   Thumb Code    70  port.o(.text.vPortEnterCritical)
    vPortExitCritical                        0x08001ae5   Thumb Code    46  port.o(.text.vPortExitCritical)
    vPortFree                                0x08001b15   Thumb Code   194  heap_4.o(.text.vPortFree)
    vPortSetupTimerInterrupt                 0x08001bd9   Thumb Code   100  port.o(.text.vPortSetupTimerInterrupt)
    vPortSuppressTicksAndSleep               0x08001c3d   Thumb Code   276  port.o(.text.vPortSuppressTicksAndSleep)
    vPortValidateInterruptPriority           0x08001d51   Thumb Code    98  port.o(.text.vPortValidateInterruptPriority)
    vQueueWaitForMessageRestricted           0x08001db5   Thumb Code    70  queue.o(.text.vQueueWaitForMessageRestricted)
    vStartTask                               0x08001dfd   Thumb Code   140  main.o(.text.vStartTask)
    vTask2                                   0x08001ee9   Thumb Code    10  main.o(.text.vTask2)
    vTaskDelay                               0x08001ef5   Thumb Code   204  tasks.o(.text.vTaskDelay)
    vTaskDelete                              0x08001fc1   Thumb Code   290  tasks.o(.text.vTaskDelete)
    vTaskInternalSetTimeOutState             0x080020e5   Thumb Code    26  tasks.o(.text.vTaskInternalSetTimeOutState)
    vTaskMissedYield                         0x08002101   Thumb Code    14  tasks.o(.text.vTaskMissedYield)
    vTaskPlaceOnEventList                    0x08002111   Thumb Code    54  tasks.o(.text.vTaskPlaceOnEventList)
    vTaskPlaceOnEventListRestricted          0x08002149   Thumb Code   114  tasks.o(.text.vTaskPlaceOnEventListRestricted)
    vTaskPriorityDisinheritAfterTimeout      0x080021bd   Thumb Code   210  tasks.o(.text.vTaskPriorityDisinheritAfterTimeout)
    vTaskStartScheduler                      0x08002291   Thumb Code   148  tasks.o(.text.vTaskStartScheduler)
    vTaskStepTick                            0x0800232d   Thumb Code   146  tasks.o(.text.vTaskStepTick)
    vTaskSuspendAll                          0x080023c1   Thumb Code    16  tasks.o(.text.vTaskSuspendAll)
    vTaskSwitchContext                       0x080023d1   Thumb Code   134  tasks.o(.text.vTaskSwitchContext)
    xPortStartScheduler                      0x08002459   Thumb Code   214  port.o(.text.xPortStartScheduler)
    xQueueGenericCreate                      0x08002531   Thumb Code   150  queue.o(.text.xQueueGenericCreate)
    xQueueGiveFromISR                        0x080025c9   Thumb Code   258  queue.o(.text.xQueueGiveFromISR)
    xQueueReceive                            0x080026cd   Thumb Code   424  queue.o(.text.xQueueReceive)
    xQueueSemaphoreTake                      0x08002875   Thumb Code   444  queue.o(.text.xQueueSemaphoreTake)
    xTaskCheckForTimeOut                     0x08002a31   Thumb Code   168  tasks.o(.text.xTaskCheckForTimeOut)
    xTaskCreate                              0x08002ad9   Thumb Code   506  tasks.o(.text.xTaskCreate)
    xTaskGetSchedulerState                   0x08002cd5   Thumb Code    38  tasks.o(.text.xTaskGetSchedulerState)
    xTaskGetTickCount                        0x08002cfd   Thumb Code    12  tasks.o(.text.xTaskGetTickCount)
    xTaskIncrementTick                       0x08002d09   Thumb Code   442  tasks.o(.text.xTaskIncrementTick)
    xTaskPriorityDisinherit                  0x08002ec5   Thumb Code   210  tasks.o(.text.xTaskPriorityDisinherit)
    xTaskPriorityInherit                     0x08002f99   Thumb Code   192  tasks.o(.text.xTaskPriorityInherit)
    xTaskRemoveFromEventList                 0x08003059   Thumb Code   296  tasks.o(.text.xTaskRemoveFromEventList)
    xTaskResumeAll                           0x08003181   Thumb Code   384  tasks.o(.text.xTaskResumeAll)
    xTimerCreateTimerTask                    0x08003301   Thumb Code   156  timers.o(.text.xTimerCreateTimerTask)
    __0printf$8                              0x080033a5   Thumb Code    22  printf8.o(i.__0printf$8)
    __1printf$8                              0x080033a5   Thumb Code     0  printf8.o(i.__0printf$8)
    __2printf                                0x080033a5   Thumb Code     0  printf8.o(i.__0printf$8)
    __scatterload_copy                       0x080033c5   Thumb Code    14  handlers.o(i.__scatterload_copy)
    __scatterload_null                       0x080033d3   Thumb Code     2  handlers.o(i.__scatterload_null)
    __scatterload_zeroinit                   0x080033d5   Thumb Code    14  handlers.o(i.__scatterload_zeroinit)
    puts                                     0x08003849   Thumb Code    30  puts.o(i.puts)
    uxTopUsedPriority                        0x08003880   Data           4  tasks.o(.rodata.uxTopUsedPriority)
    Region$$Table$$Base                      0x08003884   Number         0  anon$$obj.o(Region$$Table)
    Region$$Table$$Limit                     0x080038a4   Number         0  anon$$obj.o(Region$$Table)
    __stdout                                 0x20000000   Data           4  stdout.o(.data)
    SystemCoreClock                          0x20000004   Data           4  system_stm32f10x.o(.data.SystemCoreClock)
    Cheak_Result                             0x20000010   Data           1  main.o(.bss.Cheak_Result)
    MyUrast1RecvBuff                         0x20000014   Data         128  app_usart1_recv.o(.bss.MyUrast1RecvBuff)
    MyUrast1RecvLen                          0x20000094   Data           1  app_usart1_recv.o(.bss.MyUrast1RecvLen)
    USART1_RX_BUF                            0x20000095   Data         128  usart1.o(.bss.USART1_RX_BUF)
    USART1_RX_CNT                            0x20000116   Data           2  usart1.o(.bss.USART1_RX_CNT)
    USART1_time_out_count                    0x20000118   Data           1  usart1.o(.bss.USART1_time_out_count)
    pxCurrentTCB                             0x20000120   Data           4  tasks.o(.bss.pxCurrentTCB)
    xStartTask_Handler                       0x20008f1c   Data           4  main.o(.bss.xStartTask_Handler)
    xTask2_Handler                           0x20008f34   Data           4  main.o(.bss.xTask2_Handler)
    xUSART1_Recv_Semaphore                   0x20008f58   Data           4  main.o(.bss.xUSART1_Recv_Semaphore)
    xUSART1_Recv_Task_Handler                0x20008f5c   Data           4  main.o(.bss.xUSART1_Recv_Task_Handler)
    __initial_sp                             0x20009368   Data           0  startup_stm32f10x_hd.o(STACK)



==============================================================================

Memory Map of the image

  Image Entry point : 0x08000131

  Load Region LR_IROM1 (Base: 0x08000000, Size: 0x000038b8, Max: 0x00080000, ABSOLUTE)

    Execution Region ER_IROM1 (Exec base: 0x08000000, Load base: 0x08000000, Size: 0x000038a4, Max: 0x00080000, ABSOLUTE)

    Exec Addr    Load Addr    Size         Type   Attr      Idx    E Section Name        Object

    0x08000000   0x08000000   0x00000130   Data   RO          853    RESET               startup_stm32f10x_hd.o
    0x08000130   0x08000130   0x00000000   Code   RO         1316  * .ARM.Collect$$$$00000000  mc_w.l(entry.o)
    0x08000130   0x08000130   0x00000004   Code   RO         1601    .ARM.Collect$$$$00000001  mc_w.l(entry2.o)
    0x08000134   0x08000134   0x00000004   Code   RO         1604    .ARM.Collect$$$$00000004  mc_w.l(entry5.o)
    0x08000138   0x08000138   0x00000000   Code   RO         1606    .ARM.Collect$$$$00000008  mc_w.l(entry7b.o)
    0x08000138   0x08000138   0x00000000   Code   RO         1608    .ARM.Collect$$$$0000000A  mc_w.l(entry8b.o)
    0x08000138   0x08000138   0x00000008   Code   RO         1609    .ARM.Collect$$$$0000000B  mc_w.l(entry9a.o)
    0x08000140   0x08000140   0x00000000   Code   RO         1611    .ARM.Collect$$$$0000000D  mc_w.l(entry10a.o)
    0x08000140   0x08000140   0x00000000   Code   RO         1613    .ARM.Collect$$$$0000000F  mc_w.l(entry11a.o)
    0x08000140   0x08000140   0x00000004   Code   RO         1602    .ARM.Collect$$$$00002712  mc_w.l(entry2.o)
    0x08000144   0x08000144   0x00000024   Code   RO          854    .text               startup_stm32f10x_hd.o
    0x08000168   0x08000168   0x00000024   Code   RO         1332    .text               mc_w.l(memcpya.o)
    0x0800018c   0x0800018c   0x00000024   Code   RO         1334    .text               mc_w.l(memseta.o)
    0x080001b0   0x080001b0   0x00000062   Code   RO         1627    .text               mc_w.l(uldiv.o)
    0x08000212   0x08000212   0x00000002   PAD
    0x08000214   0x08000214   0x00000030   Code   RO         1646    .text               mc_w.l(init.o)
    0x08000244   0x08000244   0x0000001e   Code   RO         1648    .text               mc_w.l(llshl.o)
    0x08000262   0x08000262   0x00000020   Code   RO         1650    .text               mc_w.l(llushr.o)
    0x08000282   0x08000282   0x00000002   PAD
    0x08000284   0x08000284   0x00000002   Code   RO           32    .text.BusFault_Handler  stm32f10x_it.o
    0x08000286   0x08000286   0x00000002   PAD
    0x08000288   0x08000288   0x00000096   Code   RO          116    .text.DS1302_Check  ds1302.o
    0x0800031e   0x0800031e   0x00000002   PAD
    0x08000320   0x08000320   0x000000c0   Code   RO          114    .text.DS1302_Read_Byte  ds1302.o
    0x080003e0   0x080003e0   0x000000aa   Code   RO          112    .text.DS1302_Write_Byte  ds1302.o
    0x0800048a   0x0800048a   0x00000002   PAD
    0x0800048c   0x0800048c   0x00000002   Code   RO           36    .text.DebugMon_Handler  stm32f10x_it.o
    0x0800048e   0x0800048e   0x00000002   PAD
    0x08000490   0x08000490   0x00000018   Code   RO          243    .text.FLASH_PrefetchBufferCmd  stm32f10x_flash.o
    0x080004a8   0x080004a8   0x00000014   Code   RO          239    .text.FLASH_SetLatency  stm32f10x_flash.o
    0x080004bc   0x080004bc   0x000000bc   Code   RO          353    .text.GPIO_Init     stm32f10x_gpio.o
    0x08000578   0x08000578   0x0000000a   Code   RO          357    .text.GPIO_ReadInputDataBit  stm32f10x_gpio.o
    0x08000582   0x08000582   0x00000002   PAD
    0x08000584   0x08000584   0x00000004   Code   RO          365    .text.GPIO_SetBits  stm32f10x_gpio.o
    0x08000588   0x08000588   0x0000000c   Code   RO          369    .text.GPIO_WriteBit  stm32f10x_gpio.o
    0x08000594   0x08000594   0x00000066   Code   RO           59    .text.HSE_SetSysClock  rcc_clk_config.o
    0x080005fa   0x080005fa   0x00000002   PAD
    0x080005fc   0x080005fc   0x00000002   Code   RO           28    .text.HardFault_Handler  stm32f10x_it.o
    0x080005fe   0x080005fe   0x00000002   PAD
    0x08000600   0x08000600   0x00000002   Code   RO           30    .text.MemManage_Handler  stm32f10x_it.o
    0x08000602   0x08000602   0x00000002   PAD
    0x08000604   0x08000604   0x00000002   Code   RO           26    .text.NMI_Handler   stm32f10x_it.o
    0x08000606   0x08000606   0x00000002   PAD
    0x08000608   0x08000608   0x0000005e   Code   RO          153    .text.NVIC_Init     misc.o
    0x08000666   0x08000666   0x00000002   PAD
    0x08000668   0x08000668   0x00000014   Code   RO          151    .text.NVIC_PriorityGroupConfig  misc.o
    0x0800067c   0x0800067c   0x00000004   PAD
    0x08000680   0x08000680   0x00000044   Code   RO          947    .text.PendSV_Handler  port.o
    0x080006c4   0x080006c4   0x0000000c   Code   RO          118    .text.Power_On_Cheak_DS1302  ds1302.o
    0x080006d0   0x080006d0   0x00000018   Code   RO          486    .text.RCC_APB1PeriphClockCmd  stm32f10x_rcc.o
    0x080006e8   0x080006e8   0x00000018   Code   RO          484    .text.RCC_APB2PeriphClockCmd  stm32f10x_rcc.o
    0x08000700   0x08000700   0x00000042   Code   RO          440    .text.RCC_DeInit    stm32f10x_rcc.o
    0x08000742   0x08000742   0x00000002   PAD
    0x08000744   0x08000744   0x000000b6   Code   RO          480    .text.RCC_GetClocksFreq  stm32f10x_rcc.o
    0x080007fa   0x080007fa   0x00000002   PAD
    0x080007fc   0x080007fc   0x00000026   Code   RO          446    .text.RCC_GetFlagStatus  stm32f10x_rcc.o
    0x08000822   0x08000822   0x00000002   PAD
    0x08000824   0x08000824   0x00000010   Code   RO          458    .text.RCC_GetSYSCLKSource  stm32f10x_rcc.o
    0x08000834   0x08000834   0x00000014   Code   RO          460    .text.RCC_HCLKConfig  stm32f10x_rcc.o
    0x08000848   0x08000848   0x00000032   Code   RO          442    .text.RCC_HSEConfig  stm32f10x_rcc.o
    0x0800087a   0x0800087a   0x00000002   PAD
    0x0800087c   0x0800087c   0x00000014   Code   RO          462    .text.RCC_PCLK1Config  stm32f10x_rcc.o
    0x08000890   0x08000890   0x00000016   Code   RO          464    .text.RCC_PCLK2Config  stm32f10x_rcc.o
    0x080008a6   0x080008a6   0x00000002   PAD
    0x080008a8   0x080008a8   0x0000000a   Code   RO          454    .text.RCC_PLLCmd    stm32f10x_rcc.o
    0x080008b2   0x080008b2   0x00000002   PAD
    0x080008b4   0x080008b4   0x00000016   Code   RO          452    .text.RCC_PLLConfig  stm32f10x_rcc.o
    0x080008ca   0x080008ca   0x00000002   PAD
    0x080008cc   0x080008cc   0x00000014   Code   RO          456    .text.RCC_SYSCLKConfig  stm32f10x_rcc.o
    0x080008e0   0x080008e0   0x00000030   Code   RO          444    .text.RCC_WaitForHSEStartUp  stm32f10x_rcc.o
    0x08000910   0x08000910   0x00000024   Code   RO          933    .text.SVC_Handler   port.o
    0x08000934   0x08000934   0x0000002e   Code   RO          949    .text.SysTick_Handler  port.o
    0x08000962   0x08000962   0x00000002   PAD
    0x08000964   0x08000964   0x00000110   Code   RO          861    .text.SystemInit    system_stm32f10x.o
    0x08000a74   0x08000a74   0x00000028   Code   RO          100    .text.TIM3_IRQHandler  tim3.o
    0x08000a9c   0x08000a9c   0x000000a8   Code   RO           98    .text.TIM3_Init     tim3.o
    0x08000b44   0x08000b44   0x00000006   Code   RO          776    .text.TIM_ClearITPendingBit  stm32f10x_tim.o
    0x08000b4a   0x08000b4a   0x00000002   PAD
    0x08000b4c   0x08000b4c   0x00000012   Code   RO          638    .text.TIM_Cmd       stm32f10x_tim.o
    0x08000b5e   0x08000b5e   0x00000002   PAD
    0x08000b60   0x08000b60   0x00000018   Code   RO          774    .text.TIM_GetITStatus  stm32f10x_tim.o
    0x08000b78   0x08000b78   0x00000010   Code   RO          642    .text.TIM_ITConfig  stm32f10x_tim.o
    0x08000b88   0x08000b88   0x00000070   Code   RO          608    .text.TIM_OC1Init   stm32f10x_tim.o
    0x08000bf8   0x08000bf8   0x0000000c   Code   RO          686    .text.TIM_OC1PreloadConfig  stm32f10x_tim.o
    0x08000c04   0x08000c04   0x00000074   Code   RO          610    .text.TIM_OC2Init   stm32f10x_tim.o
    0x08000c78   0x08000c78   0x0000000e   Code   RO          688    .text.TIM_OC2PreloadConfig  stm32f10x_tim.o
    0x08000c86   0x08000c86   0x00000002   PAD
    0x08000c88   0x08000c88   0x000000aa   Code   RO          606    .text.TIM_TimeBaseInit  stm32f10x_tim.o
    0x08000d32   0x08000d32   0x00000002   PAD
    0x08000d34   0x08000d34   0x00000042   Code   RO           75    .text.USART1_IRQHandler  usart1.o
    0x08000d76   0x08000d76   0x00000002   PAD
    0x08000d78   0x08000d78   0x00000098   Code   RO           73    .text.USART1_Init   usart1.o
    0x08000e10   0x08000e10   0x000000c0   Code   RO          140    .text.USART1_Recv_Task  app_usart1_recv.o
    0x08000ed0   0x08000ed0   0x0000005e   Code   RO           77    .text.USART1_Tick   usart1.o
    0x08000f2e   0x08000f2e   0x00000002   PAD
    0x08000f30   0x08000f30   0x00000014   Code   RO          796    .text.USART_Cmd     stm32f10x_usart.o
    0x08000f44   0x08000f44   0x0000000a   Code   RO          836    .text.USART_GetFlagStatus  stm32f10x_usart.o
    0x08000f4e   0x08000f4e   0x00000002   PAD
    0x08000f50   0x08000f50   0x0000002a   Code   RO          840    .text.USART_GetITStatus  stm32f10x_usart.o
    0x08000f7a   0x08000f7a   0x00000002   PAD
    0x08000f7c   0x08000f7c   0x0000002e   Code   RO          798    .text.USART_ITConfig  stm32f10x_usart.o
    0x08000faa   0x08000faa   0x00000002   PAD
    0x08000fac   0x08000fac   0x000000b6   Code   RO          788    .text.USART_Init    stm32f10x_usart.o
    0x08001062   0x08001062   0x00000002   PAD
    0x08001064   0x08001064   0x00000008   Code   RO          812    .text.USART_SendData  stm32f10x_usart.o
    0x0800106c   0x0800106c   0x00000002   Code   RO           34    .text.UsageFault_Handler  stm32f10x_it.o
    0x0800106e   0x0800106e   0x00000002   PAD
    0x08001070   0x08001070   0x00000048   Code   RO         1198    .text.eTaskConfirmSleepModeStatus  tasks.o
    0x080010b8   0x080010b8   0x00000024   Code   RO           83    .text.fputc         usart1.o
    0x080010dc   0x080010dc   0x000000f4   Code   RO            8    .text.main          main.o
    0x080011d0   0x080011d0   0x000000c8   Code   RO         1126    .text.prvAddCurrentTaskToDelayedList  tasks.o
    0x08001298   0x08001298   0x00000142   Code   RO         1150    .text.prvIdleTask   tasks.o
    0x080013da   0x080013da   0x00000002   PAD
    0x080013dc   0x080013dc   0x000000cc   Code   RO         1018    .text.prvNotifyQueueSetContainer  queue.o
    0x080014a8   0x080014a8   0x00000020   Code   RO          939    .text.prvPortStartFirstTask  port.o
    0x080014c8   0x080014c8   0x0000007c   Code   RO         1300    .text.prvProcessExpiredTimer  timers.o
    0x08001544   0x08001544   0x00000032   Code   RO          931    .text.prvTaskExitError  port.o
    0x08001576   0x08001576   0x00000002   PAD
    0x08001578   0x08001578   0x0000023a   Code   RO         1266    .text.prvTimerTask  timers.o
    0x080017b2   0x080017b2   0x00000002   PAD
    0x080017b4   0x080017b4   0x00000084   Code   RO         1020    .text.prvUnlockQueue  queue.o
    0x08001838   0x08001838   0x00000182   Code   RO          969    .text.pvPortMalloc  heap_4.o
    0x080019ba   0x080019ba   0x00000002   PAD
    0x080019bc   0x080019bc   0x00000018   Code   RO         1218    .text.pvTaskIncrementMutexHeldCount  tasks.o
    0x080019d4   0x080019d4   0x00000020   Code   RO          929    .text.pxPortInitialiseStack  port.o
    0x080019f4   0x080019f4   0x00000024   Code   RO          919    .text.uxListRemove  list.o
    0x08001a18   0x08001a18   0x0000000c   Code   RO         1160    .text.uxTaskGetNumberOfTasks  tasks.o
    0x08001a24   0x08001a24   0x00000016   Code   RO          911    .text.vListInitialise  list.o
    0x08001a3a   0x08001a3a   0x00000002   PAD
    0x08001a3c   0x08001a3c   0x00000006   Code   RO          913    .text.vListInitialiseItem  list.o
    0x08001a42   0x08001a42   0x00000002   PAD
    0x08001a44   0x08001a44   0x0000003a   Code   RO          917    .text.vListInsert   list.o
    0x08001a7e   0x08001a7e   0x00000002   PAD
    0x08001a80   0x08001a80   0x0000001c   Code   RO          915    .text.vListInsertEnd  list.o
    0x08001a9c   0x08001a9c   0x00000046   Code   RO          943    .text.vPortEnterCritical  port.o
    0x08001ae2   0x08001ae2   0x00000002   PAD
    0x08001ae4   0x08001ae4   0x0000002e   Code   RO          945    .text.vPortExitCritical  port.o
    0x08001b12   0x08001b12   0x00000002   PAD
    0x08001b14   0x08001b14   0x000000c2   Code   RO          971    .text.vPortFree     heap_4.o
    0x08001bd6   0x08001bd6   0x00000002   PAD
    0x08001bd8   0x08001bd8   0x00000064   Code   RO          937    .text.vPortSetupTimerInterrupt  port.o
    0x08001c3c   0x08001c3c   0x00000114   Code   RO          951    .text.vPortSuppressTicksAndSleep  port.o
    0x08001d50   0x08001d50   0x00000062   Code   RO          953    .text.vPortValidateInterruptPriority  port.o
    0x08001db2   0x08001db2   0x00000002   PAD
    0x08001db4   0x08001db4   0x00000046   Code   RO         1052    .text.vQueueWaitForMessageRestricted  queue.o
    0x08001dfa   0x08001dfa   0x00000002   PAD
    0x08001dfc   0x08001dfc   0x000000ec   Code   RO            6    .text.vStartTask    main.o
    0x08001ee8   0x08001ee8   0x0000000a   Code   RO            4    .text.vTask2        main.o
    0x08001ef2   0x08001ef2   0x00000002   PAD
    0x08001ef4   0x08001ef4   0x000000cc   Code   RO         1130    .text.vTaskDelay    tasks.o
    0x08001fc0   0x08001fc0   0x00000122   Code   RO         1120    .text.vTaskDelete   tasks.o
    0x080020e2   0x080020e2   0x00000002   PAD
    0x080020e4   0x080020e4   0x0000001a   Code   RO         1188    .text.vTaskInternalSetTimeOutState  tasks.o
    0x080020fe   0x080020fe   0x00000002   PAD
    0x08002100   0x08002100   0x0000000e   Code   RO         1192    .text.vTaskMissedYield  tasks.o
    0x0800210e   0x0800210e   0x00000002   PAD
    0x08002110   0x08002110   0x00000036   Code   RO         1176    .text.vTaskPlaceOnEventList  tasks.o
    0x08002146   0x08002146   0x00000002   PAD
    0x08002148   0x08002148   0x00000072   Code   RO         1180    .text.vTaskPlaceOnEventListRestricted  tasks.o
    0x080021ba   0x080021ba   0x00000002   PAD
    0x080021bc   0x080021bc   0x000000d2   Code   RO         1214    .text.vTaskPriorityDisinheritAfterTimeout  tasks.o
    0x0800228e   0x0800228e   0x00000002   PAD
    0x08002290   0x08002290   0x0000009c   Code   RO         1148    .text.vTaskStartScheduler  tasks.o
    0x0800232c   0x0800232c   0x00000092   Code   RO         1170    .text.vTaskStepTick  tasks.o
    0x080023be   0x080023be   0x00000002   PAD
    0x080023c0   0x080023c0   0x00000010   Code   RO         1124    .text.vTaskSuspendAll  tasks.o
    0x080023d0   0x080023d0   0x00000086   Code   RO         1142    .text.vTaskSwitchContext  tasks.o
    0x08002456   0x08002456   0x00000002   PAD
    0x08002458   0x08002458   0x000000d6   Code   RO          935    .text.xPortStartScheduler  port.o
    0x0800252e   0x0800252e   0x00000002   PAD
    0x08002530   0x08002530   0x00000096   Code   RO         1000    .text.xQueueGenericCreate  queue.o
    0x080025c6   0x080025c6   0x00000002   PAD
    0x080025c8   0x080025c8   0x00000102   Code   RO         1024    .text.xQueueGiveFromISR  queue.o
    0x080026ca   0x080026ca   0x00000002   PAD
    0x080026cc   0x080026cc   0x000001a8   Code   RO         1026    .text.xQueueReceive  queue.o
    0x08002874   0x08002874   0x000001bc   Code   RO         1014    .text.xQueueSemaphoreTake  queue.o
    0x08002a30   0x08002a30   0x000000a8   Code   RO         1190    .text.xTaskCheckForTimeOut  tasks.o
    0x08002ad8   0x08002ad8   0x000001fa   Code   RO         1118    .text.xTaskCreate   tasks.o
    0x08002cd2   0x08002cd2   0x00000002   PAD
    0x08002cd4   0x08002cd4   0x00000026   Code   RO         1208    .text.xTaskGetSchedulerState  tasks.o
    0x08002cfa   0x08002cfa   0x00000002   PAD
    0x08002cfc   0x08002cfc   0x0000000c   Code   RO         1156    .text.xTaskGetTickCount  tasks.o
    0x08002d08   0x08002d08   0x000001ba   Code   RO         1154    .text.xTaskIncrementTick  tasks.o
    0x08002ec2   0x08002ec2   0x00000002   PAD
    0x08002ec4   0x08002ec4   0x000000d2   Code   RO         1212    .text.xTaskPriorityDisinherit  tasks.o
    0x08002f96   0x08002f96   0x00000002   PAD
    0x08002f98   0x08002f98   0x000000c0   Code   RO         1210    .text.xTaskPriorityInherit  tasks.o
    0x08003058   0x08003058   0x00000128   Code   RO         1182    .text.xTaskRemoveFromEventList  tasks.o
    0x08003180   0x08003180   0x00000180   Code   RO         1128    .text.xTaskResumeAll  tasks.o
    0x08003300   0x08003300   0x000000a4   Code   RO         1264    .text.xTimerCreateTimerTask  timers.o
    0x080033a4   0x080033a4   0x00000020   Code   RO         1547    i.__0printf$8       mc_w.l(printf8.o)
    0x080033c4   0x080033c4   0x0000000e   Code   RO         1658    i.__scatterload_copy  mc_w.l(handlers.o)
    0x080033d2   0x080033d2   0x00000002   Code   RO         1659    i.__scatterload_null  mc_w.l(handlers.o)
    0x080033d4   0x080033d4   0x0000000e   Code   RO         1660    i.__scatterload_zeroinit  mc_w.l(handlers.o)
    0x080033e2   0x080033e2   0x00000002   PAD
    0x080033e4   0x080033e4   0x00000410   Code   RO         1554    i._printf_core      mc_w.l(printf8.o)
    0x080037f4   0x080037f4   0x00000024   Code   RO         1555    i._printf_post_padding  mc_w.l(printf8.o)
    0x08003818   0x08003818   0x0000002e   Code   RO         1556    i._printf_pre_padding  mc_w.l(printf8.o)
    0x08003846   0x08003846   0x00000002   PAD
    0x08003848   0x08003848   0x00000024   Code   RO         1319    i.puts              mc_w.l(puts.o)
    0x0800386c   0x0800386c   0x00000004   Data   RO          505    .rodata.ADCPrescTable  stm32f10x_rcc.o
    0x08003870   0x08003870   0x00000010   Data   RO          504    .rodata.APBAHBPrescTable  stm32f10x_rcc.o
    0x08003880   0x08003880   0x00000004   Data   RO         1235    .rodata.uxTopUsedPriority  tasks.o
    0x08003884   0x08003884   0x00000020   Data   RO         1657    Region$$Table       anon$$obj.o


    Execution Region RW_IRAM1 (Exec base: 0x20000000, Load base: 0x080038a8, Size: 0x00009368, Max: 0x00010000, ABSOLUTE)

    Exec Addr    Load Addr    Size         Type   Attr      Idx    E Section Name        Object

    0x20000000   0x080038a8   0x00000004   Data   RW         1615    .data               mc_w.l(stdout.o)
    0x20000004   0x080038ac   0x00000004   Data   RW          865    .data.SystemCoreClock  system_stm32f10x.o
    0x20000008   0x080038b0   0x00000004   Data   RW          957    .data.uxCriticalNesting  port.o
    0x2000000c   0x080038b4   0x00000004   PAD
    0x20000010        -       0x00000001   Zero   RW           10    .bss.Cheak_Result   main.o
    0x20000011   0x080038b4   0x00000003   PAD
    0x20000014        -       0x00000080   Zero   RW          143    .bss.MyUrast1RecvBuff  app_usart1_recv.o
    0x20000094        -       0x00000001   Zero   RW          142    .bss.MyUrast1RecvLen  app_usart1_recv.o
    0x20000095        -       0x00000080   Zero   RW           89    .bss.USART1_RX_BUF  usart1.o
    0x20000115   0x080038b4   0x00000001   PAD
    0x20000116        -       0x00000002   Zero   RW           87    .bss.USART1_RX_CNT  usart1.o
    0x20000118        -       0x00000001   Zero   RW           88    .bss.USART1_time_out_count  usart1.o
    0x20000119   0x080038b4   0x00000003   PAD
    0x2000011c        -       0x00000004   Zero   RW         1306    .bss.prvSampleTimeNow.xLastTime  timers.o
    0x20000120        -       0x00000004   Zero   RW         1234    .bss.pxCurrentTCB   tasks.o
    0x20000124        -       0x00000004   Zero   RW         1304    .bss.pxCurrentTimerList  timers.o
    0x20000128        -       0x00000004   Zero   RW         1245    .bss.pxDelayedTaskList  tasks.o
    0x2000012c        -       0x00000004   Zero   RW          983    .bss.pxEnd          heap_4.o
    0x20000130        -       0x00000004   Zero   RW         1246    .bss.pxOverflowDelayedTaskList  tasks.o
    0x20000134        -       0x00000004   Zero   RW         1305    .bss.pxOverflowTimerList  timers.o
    0x20000138        -       0x0000012c   Zero   RW         1236    .bss.pxReadyTasksLists  tasks.o
    0x20000264        -       0x00008c00   Zero   RW          989    .bss.ucHeap         heap_4.o
    0x20008e64        -       0x00000001   Zero   RW          955    .bss.ucMaxSysCallPriority  port.o
    0x20008e65   0x080038b4   0x00000003   PAD
    0x20008e68        -       0x00000004   Zero   RW          956    .bss.ulMaxPRIGROUPValue  port.o
    0x20008e6c        -       0x00000001   Zero   RW          960    .bss.ulStoppedTimerCompensation  port.o
    0x20008e6d   0x080038b4   0x00000003   PAD
    0x20008e70        -       0x00000004   Zero   RW          959    .bss.ulTimerCountsForOneTick  port.o
    0x20008e74        -       0x00000004   Zero   RW         1241    .bss.uxCurrentNumberOfTasks  tasks.o
    0x20008e78        -       0x00000004   Zero   RW         1240    .bss.uxDeletedTasksWaitingCleanUp  tasks.o
    0x20008e7c        -       0x00000004   Zero   RW         1243    .bss.uxSchedulerSuspended  tasks.o
    0x20008e80        -       0x00000004   Zero   RW         1238    .bss.uxTaskNumber   tasks.o
    0x20008e84        -       0x00000004   Zero   RW         1237    .bss.uxTopReadyPriority  tasks.o
    0x20008e88        -       0x00000014   Zero   RW         1307    .bss.xActiveTimerList1  timers.o
    0x20008e9c        -       0x00000014   Zero   RW         1308    .bss.xActiveTimerList2  timers.o
    0x20008eb0        -       0x00000014   Zero   RW         1254    .bss.xDelayedTaskList1  tasks.o
    0x20008ec4        -       0x00000014   Zero   RW         1255    .bss.xDelayedTaskList2  tasks.o
    0x20008ed8        -       0x00000004   Zero   RW          984    .bss.xFreeBytesRemaining  heap_4.o
    0x20008edc        -       0x00000004   Zero   RW         1250    .bss.xIdleTaskHandle  tasks.o
    0x20008ee0        -       0x00000004   Zero   RW          958    .bss.xMaximumPossibleSuppressedTicks  port.o
    0x20008ee4        -       0x00000004   Zero   RW          986    .bss.xMinimumEverFreeBytesRemaining  heap_4.o
    0x20008ee8        -       0x00000004   Zero   RW         1251    .bss.xNextTaskUnblockTime  tasks.o
    0x20008eec        -       0x00000004   Zero   RW         1253    .bss.xNumOfOverflows  tasks.o
    0x20008ef0        -       0x00000004   Zero   RW          987    .bss.xNumberOfSuccessfulAllocations  heap_4.o
    0x20008ef4        -       0x00000004   Zero   RW          988    .bss.xNumberOfSuccessfulFrees  heap_4.o
    0x20008ef8        -       0x00000004   Zero   RW         1252    .bss.xPendedTicks   tasks.o
    0x20008efc        -       0x00000014   Zero   RW         1249    .bss.xPendingReadyList  tasks.o
    0x20008f10        -       0x00000004   Zero   RW         1242    .bss.xSchedulerRunning  tasks.o
    0x20008f14        -       0x00000008   Zero   RW          985    .bss.xStart         heap_4.o
    0x20008f1c        -       0x00000004   Zero   RW           15    .bss.xStartTask_Handler  main.o
    0x20008f20        -       0x00000014   Zero   RW         1247    .bss.xSuspendedTaskList  tasks.o
    0x20008f34        -       0x00000004   Zero   RW           14    .bss.xTask2_Handler  main.o
    0x20008f38        -       0x00000014   Zero   RW         1239    .bss.xTasksWaitingTermination  tasks.o
    0x20008f4c        -       0x00000004   Zero   RW         1244    .bss.xTickCount     tasks.o
    0x20008f50        -       0x00000004   Zero   RW         1302    .bss.xTimerQueue    timers.o
    0x20008f54        -       0x00000004   Zero   RW         1303    .bss.xTimerTaskHandle  timers.o
    0x20008f58        -       0x00000004   Zero   RW           11    .bss.xUSART1_Recv_Semaphore  main.o
    0x20008f5c        -       0x00000004   Zero   RW           13    .bss.xUSART1_Recv_Task_Handler  main.o
    0x20008f60        -       0x00000004   Zero   RW         1248    .bss.xYieldPending  tasks.o
    0x20008f64   0x080038b4   0x00000004   PAD
    0x20008f68        -       0x00000400   Zero   RW          851    STACK               startup_stm32f10x_hd.o


==============================================================================

Image component sizes


      Code (inc. data)   RO Data    RW Data    ZI Data      Debug   Object Name

       192         52          0          0        129       1206   app_usart1_recv.o
       524          0          0          0          0       6070   ds1302.o
       580          0          0          0      35868       5542   heap_4.o
       150          0          0          0          0       2367   list.o
       490        200          0          0         17       3487   main.o
       114          0          0          0          0       3661   misc.o
      1068         12          0          4         14       5167   port.o
      1682          0          0          0          0      24668   queue.o
       102          0          0          0          0       2474   rcc_clk_config.o
        36          8        304          0       1024        804   startup_stm32f10x_hd.o
        44          0          0          0          0      18587   stm32f10x_flash.o
       214          0          0          0          0       6222   stm32f10x_gpio.o
        12          0          0          0          0        733   stm32f10x_it.o
       562          0         20          0          0       8626   stm32f10x_rcc.o
       488          0          0          0          0      29935   stm32f10x_tim.o
       308          0          0          0          0       8881   stm32f10x_usart.o
       272          0          0          4          0       2853   system_stm32f10x.o
      4242          8          4          0        460      44143   tasks.o
       208          0          0          0          0       4999   tim3.o
       858         18          0          0         60      13382   timers.o
       348          0          0          0        131       6699   usart1.o

    ----------------------------------------------------------------------
     12612        298        360          8      37724     200506   Object Totals
         0          0         32          0          0          0   (incl. Generated)
       118          0          0          0         21          0   (incl. Padding)

    ----------------------------------------------------------------------

      Code (inc. data)   RO Data    RW Data    ZI Data      Debug   Library Member Name

         0          0          0          0          0          0   entry.o
         0          0          0          0          0          0   entry10a.o
         0          0          0          0          0          0   entry11a.o
         8          4          0          0          0          0   entry2.o
         4          0          0          0          0          0   entry5.o
         0          0          0          0          0          0   entry7b.o
         0          0          0          0          0          0   entry8b.o
         8          4          0          0          0          0   entry9a.o
        30          0          0          0          0          0   handlers.o
        48         10          0          0          0         68   init.o
        30          0          0          0          0         68   llshl.o
        32          0          0          0          0         68   llushr.o
        36          0          0          0          0         68   memcpya.o
        36          0          0          0          0        108   memseta.o
      1154         54          0          0          0        352   printf8.o
        36          6          0          0          0         80   puts.o
         0          0          0          4          0          0   stdout.o
        98          0          0          0          0         92   uldiv.o

    ----------------------------------------------------------------------
      1528         78          0          4          0        904   Library Totals
         8          0          0          0          0          0   (incl. Padding)

    ----------------------------------------------------------------------

      Code (inc. data)   RO Data    RW Data    ZI Data      Debug   Library Name

      1520         78          0          4          0        904   mc_w.l

    ----------------------------------------------------------------------
      1528         78          0          4          0        904   Library Totals

    ----------------------------------------------------------------------

==============================================================================


      Code (inc. data)   RO Data    RW Data    ZI Data      Debug   

     14140        376        360         12      37724     200766   Grand Totals
     14140        376        360         12      37724     200766   ELF Image Totals
     14140        376        360         12          0          0   ROM Totals

==============================================================================

    Total RO  Size (Code + RO Data)                14500 (  14.16kB)
    Total RW  Size (RW Data + ZI Data)             37736 (  36.85kB)
    Total ROM Size (Code + RO Data + RW Data)      14512 (  14.17kB)

==============================================================================

