<html>
<body>
<pre>
<h1>µVision Build Log</h1>
<h2>Tool Versions:</h2>
IDE-Version: ¦ÌVision V5.40.0.0
Copyright (C) 2024 ARM Ltd and ARM Germany GmbH. All rights reserved.
License Information: abc bukpa_cc@163.com, abc, LIC=Y2B1Q-NMZS0-68BFC-7DGIF-1GV95-PE7TS
 
Tool Versions:
Toolchain:       MDK-ARM Professional  Version: 5.40.0.3
Toolchain Path:  D:\software\Keil_MDK_package\Keil_MDK\Keil_v5\ARM\ARMCC\Bin
C Compiler:      Armcc.exe V5.06 update 6 (build 750)
Assembler:       Armasm.exe V5.06 update 6 (build 750)
Linker/Locator:  ArmLink.exe V5.06 update 6 (build 750)
Library Manager: ArmAr.exe V5.06 update 6 (build 750)
Hex Converter:   FromElf.exe V5.06 update 6 (build 750)
CPU DLL:         SARMCM3.DLL V5.40.0.3
Dialog DLL:      DARMSTM.DLL V1.69.1.0
Target DLL:      UL2CM3.DLL V1.164.11.0
Dialog DLL:      TARMSTM.DLL V1.67.1.0
 
<h2>Project:</h2>
D:\1_Payment\Version2\Payment_Master_Aliyun_V10\Doc\STM32F10x_StdPeriph_Lib_V3.6.0\Project\STM32F10x_StdPeriph_Template\MDK-ARM\Project.uvproj
Project File Date:  10/18/2024

<h2>Output:</h2>
*** Using Compiler 'V5.06 update 6 (build 750)', folder: 'D:\software\Keil_MDK_package\Keil_MDK\Keil_v5\ARM\ARMCC\Bin'
Rebuild target 'STM32100E-EVAL'
compiling stm32f10x_dma.c...
compiling stm32f10x_fsmc.c...
compiling stm32f10x_spi.c...
compiling misc.c...
compiling stm32f10x_gpio.c...
compiling stm32f10x_rcc.c...
compiling stm32f10x_exti.c...
compiling stm32f10x_it.c...
compiling stm32f10x_usart.c...
compiling stm32f10x_sdio.c...
compiling main.c...
compiling stm32f10x_i2c.c...
compiling stm32f10x_bkp.c...
compiling stm32f10x_adc.c...
compiling stm32f10x_can.c...
compiling stm32f10x_crc.c...
compiling stm32f10x_cec.c...
compiling stm32f10x_dac.c...
compiling stm32f10x_dbgmcu.c...
compiling stm32f10x_iwdg.c...
compiling stm32f10x_pwr.c...
compiling stm32f10x_rtc.c...
compiling stm32f10x_flash.c...
compiling stm32f10x_wwdg.c...
compiling system_stm32f10x.c...
compiling stm32f10x_tim.c...
compiling stm32_eval.c...
compiling core_cm3.c...
compiling stm32_eval_spi_sd.c...
assembling startup_stm32f10x_hd_vl.s...
compiling stm32_eval_spi_flash.c...
compiling stm32_eval_i2c_tsensor.c...
compiling stm32100e_eval_fsmc_sram.c...
compiling stm32100e_eval_fsmc_onenand.c...
compiling stm32100e_eval_ioe.c...
compiling stm32100e_eval_lcd.c...
compiling stm32100e_eval_cec.c...
linking...
Program Size: Code=4144 RO-data=5068 RW-data=112 ZI-data=1040  
".\STM32100E-EVAL\STM32100E-EVAL.axf" - 0 Error(s), 0 Warning(s).
Build Time Elapsed:  00:00:03
</pre>
</body>
</html>
